Archive member included to satisfy reference by file (symbol)

c:/atollic/truestudio_for_stm32_9.0.0/armtools/bin/../lib/gcc/arm-atollic-eabi/6.3.1/../../../../arm-atollic-eabi/lib/armv7e-m\libc.a(lib_a-memcpy-stub.o)
                              C:\Users\kiekensk\AppData\Local\Temp\ccDZMvVq.ltrans0.ltrans.o (memcpy)

Discarded input sections

 .data          0x00000000        0x0 build/obj/crt0_v7m.o
 .bss           0x00000000        0x0 build/obj/crt0_v7m.o
 .data          0x00000000        0x0 build/obj/vectors.o
 .bss           0x00000000        0x0 build/obj/vectors.o
 .data          0x00000000        0x0 build/obj/chcoreasm_v7m.o
 .bss           0x00000000        0x0 build/obj/chcoreasm_v7m.o
 .text          0x00000000        0x0 build/obj/crt1.o (symbol from plugin)
 .text          0x00000000        0x0 C:\Users\kiekensk\AppData\Local\Temp\ccDZMvVq.ltrans0.ltrans.o
 .data          0x00000000        0x0 C:\Users\kiekensk\AppData\Local\Temp\ccDZMvVq.ltrans0.ltrans.o
 .bss           0x00000000        0x0 C:\Users\kiekensk\AppData\Local\Temp\ccDZMvVq.ltrans0.ltrans.o
 .text          0x00000000        0x0 C:\Users\kiekensk\AppData\Local\Temp\ccDZMvVq.ltrans1.ltrans.o
 .data          0x00000000        0x0 C:\Users\kiekensk\AppData\Local\Temp\ccDZMvVq.ltrans1.ltrans.o
 .bss           0x00000000        0x0 C:\Users\kiekensk\AppData\Local\Temp\ccDZMvVq.ltrans1.ltrans.o
 .text          0x00000000        0x0 C:\Users\kiekensk\AppData\Local\Temp\ccDZMvVq.ltrans2.ltrans.o
 .data          0x00000000        0x0 C:\Users\kiekensk\AppData\Local\Temp\ccDZMvVq.ltrans2.ltrans.o
 .bss           0x00000000        0x0 C:\Users\kiekensk\AppData\Local\Temp\ccDZMvVq.ltrans2.ltrans.o
 .text          0x00000000        0x0 C:\Users\kiekensk\AppData\Local\Temp\ccDZMvVq.ltrans3.ltrans.o
 .data          0x00000000        0x0 C:\Users\kiekensk\AppData\Local\Temp\ccDZMvVq.ltrans3.ltrans.o
 .bss           0x00000000        0x0 C:\Users\kiekensk\AppData\Local\Temp\ccDZMvVq.ltrans3.ltrans.o
 .text          0x00000000        0x0 C:\Users\kiekensk\AppData\Local\Temp\ccDZMvVq.ltrans4.ltrans.o
 .data          0x00000000        0x0 C:\Users\kiekensk\AppData\Local\Temp\ccDZMvVq.ltrans4.ltrans.o
 .bss           0x00000000        0x0 C:\Users\kiekensk\AppData\Local\Temp\ccDZMvVq.ltrans4.ltrans.o
 .text          0x00000000        0x0 build/obj/chsys.o (symbol from plugin)
 .text          0x00000000        0x0 build/obj/chdebug.o (symbol from plugin)
 .text          0x00000000        0x0 build/obj/chtrace.o (symbol from plugin)
 .text          0x00000000        0x0 build/obj/chvt.o (symbol from plugin)
 .text          0x00000000        0x0 build/obj/chschd.o (symbol from plugin)
 .text          0x00000000        0x0 build/obj/chthreads.o (symbol from plugin)
 .text          0x00000000        0x0 build/obj/chtm.o (symbol from plugin)
 .text          0x00000000        0x0 build/obj/chregistry.o (symbol from plugin)
 .text          0x00000000        0x0 build/obj/chsem.o (symbol from plugin)
 .text          0x00000000        0x0 build/obj/chmtx.o (symbol from plugin)
 .text          0x00000000        0x0 build/obj/chcond.o (symbol from plugin)
 .text          0x00000000        0x0 build/obj/chevents.o (symbol from plugin)
 .text          0x00000000        0x0 build/obj/chmsg.o (symbol from plugin)
 .text          0x00000000        0x0 build/obj/chdynamic.o (symbol from plugin)
 .text          0x00000000        0x0 build/obj/chmboxes.o (symbol from plugin)
 .text          0x00000000        0x0 build/obj/chmemcore.o (symbol from plugin)
 .text          0x00000000        0x0 build/obj/chheap.o (symbol from plugin)
 .text          0x00000000        0x0 build/obj/chmempools.o (symbol from plugin)
 .text          0x00000000        0x0 build/obj/chfactory.o (symbol from plugin)
 .text          0x00000000        0x0 build/obj/chcore.o (symbol from plugin)
 .text          0x00000000        0x0 build/obj/chcore_v7m.o (symbol from plugin)
 .text          0x00000000        0x0 build/obj/osal.o (symbol from plugin)
 .text          0x00000000        0x0 build/obj/hal.o (symbol from plugin)
 .text          0x00000000        0x0 build/obj/hal_st.o (symbol from plugin)
 .text          0x00000000        0x0 build/obj/hal_buffers.o (symbol from plugin)
 .text          0x00000000        0x0 build/obj/hal_queues.o (symbol from plugin)
 .text          0x00000000        0x0 build/obj/hal_mmcsd.o (symbol from plugin)
 .text          0x00000000        0x0 build/obj/hal_adc.o (symbol from plugin)
 .text          0x00000000        0x0 build/obj/hal_dac.o (symbol from plugin)
 .text          0x00000000        0x0 build/obj/hal_gpt.o (symbol from plugin)
 .text          0x00000000        0x0 build/obj/hal_pal.o (symbol from plugin)
 .text          0x00000000        0x0 build/obj/hal_serial_usb.o (symbol from plugin)
 .text          0x00000000        0x0 build/obj/hal_usb.o (symbol from plugin)
 .text          0x00000000        0x0 build/obj/nvic.o (symbol from plugin)
[...]
Memory Configuration

Name             Origin             Length             Attributes
flash0           0x08000000         0x00200000
flash1           0x00200000         0x00200000
flash2           0x00000000         0x00000000
flash3           0x00000000         0x00000000
flash4           0x00000000         0x00000000
flash5           0x00000000         0x00000000
flash6           0x00000000         0x00000000
flash7           0x00000000         0x00000000
ram0             0x20020000         0x00060000
ram1             0x20020000         0x0005c000
ram2             0x2007c000         0x00004000
ram3             0x20000000         0x00020000
ram4             0x00000000         0x00004000
ram5             0x40024000         0x00001000
ram6             0x00000000         0x00000000
ram7             0x00000000         0x00000000
*default*        0x00000000         0xffffffff

Linker script and memory map

LOAD build/obj/crt0_v7m.o
LOAD build/obj/vectors.o
LOAD build/obj/chcoreasm_v7m.o
LOAD build/obj/crt1.o
LOAD C:\Users\kiekensk\AppData\Local\Temp\ccDZMvVq.ltrans0.ltrans.o
LOAD C:\Users\kiekensk\AppData\Local\Temp\ccDZMvVq.ltrans1.ltrans.o
LOAD C:\Users\kiekensk\AppData\Local\Temp\ccDZMvVq.ltrans2.ltrans.o
LOAD C:\Users\kiekensk\AppData\Local\Temp\ccDZMvVq.ltrans3.ltrans.o
LOAD C:\Users\kiekensk\AppData\Local\Temp\ccDZMvVq.ltrans4.ltrans.o
LOAD build/obj/chsys.o
LOAD build/obj/chdebug.o
LOAD build/obj/chtrace.o
LOAD build/obj/chvt.o
LOAD build/obj/chschd.o
LOAD build/obj/chthreads.o
LOAD build/obj/chtm.o
LOAD build/obj/chregistry.o
LOAD build/obj/chsem.o
LOAD build/obj/chmtx.o
LOAD build/obj/chcond.o
LOAD build/obj/chevents.o
LOAD build/obj/chmsg.o
LOAD build/obj/chdynamic.o
LOAD build/obj/chmboxes.o
LOAD build/obj/chmemcore.o
LOAD build/obj/chheap.o
LOAD build/obj/chmempools.o
LOAD build/obj/chfactory.o
LOAD build/obj/chcore.o
LOAD build/obj/chcore_v7m.o
LOAD build/obj/osal.o
LOAD build/obj/hal.o
LOAD build/obj/hal_st.o
LOAD build/obj/hal_buffers.o
LOAD build/obj/hal_queues.o
LOAD build/obj/hal_mmcsd.o
LOAD build/obj/hal_adc.o
LOAD build/obj/hal_dac.o
LOAD build/obj/hal_gpt.o
LOAD build/obj/hal_pal.o
LOAD build/obj/hal_serial_usb.o
LOAD build/obj/hal_usb.o
LOAD build/obj/nvic.o
LOAD build/obj/stm32_isr.o
LOAD build/obj/hal_lld.o
LOAD build/obj/hal_adc_lld.o
LOAD build/obj/hal_dac_lld.o
LOAD build/obj/stm32_dma.o
LOAD build/obj/hal_pal_lld.o
LOAD build/obj/hal_usb_lld.o
LOAD build/obj/hal_st_lld.o
LOAD build/obj/hal_gpt_lld.o
LOAD build/obj/board.o
LOAD build/obj/ch_test.o
LOAD build/obj/rt_test_root.o
LOAD build/obj/rt_test_sequence_001.o
LOAD build/obj/rt_test_sequence_002.o
LOAD build/obj/rt_test_sequence_003.o
LOAD build/obj/rt_test_sequence_004.o
LOAD build/obj/rt_test_sequence_005.o
LOAD build/obj/rt_test_sequence_006.o
LOAD build/obj/rt_test_sequence_007.o
LOAD build/obj/rt_test_sequence_008.o
LOAD build/obj/rt_test_sequence_009.o
LOAD build/obj/rt_test_sequence_010.o
LOAD build/obj/oslib_test_root.o
LOAD build/obj/oslib_test_sequence_001.o
LOAD build/obj/oslib_test_sequence_002.o
LOAD build/obj/oslib_test_sequence_003.o
LOAD build/obj/oslib_test_sequence_004.o
LOAD build/obj/chprintf.o
LOAD build/obj/usbcfg.o
LOAD build/obj/adc_multi.o
LOAD build/obj/main.o

.mstack         0x20000000      0x400
                0x20000000                . = ALIGN (0x8)
                0x20000000                __main_stack_base__ = .
                0x20000400                . = (. + __main_stack_size__)
 *fill*         0x20000000      0x400 
                0x20000400                . = ALIGN (0x8)
                0x20000400                __main_stack_end__ = .

.pstack         0x20000400      0x400
                0x20000400                __process_stack_base__ = .
                0x20000400                __main_thread_stack_base__ = .
                0x20000800                . = (. + __process_stack_size__)
 *fill*         0x20000400      0x400 
                0x20000800                . = ALIGN (0x8)
                0x20000800                __process_stack_end__ = .
                0x20000800                __main_thread_stack_end__ = .

.nocache        0x20000800        0x0
                0x20000800                __nocache_base__ = .
 *(.nocache)
 *(.nocache.*)
 *(.bss.__nocache_*)
                0x20000800                . = ALIGN (0x4)
                0x20000800                __nocache_end__ = .

.eth            0x20000800        0x0
                0x20000800                __eth_base__ = .
 *(.eth)
 *(.eth.*)
 *(.bss.__eth_*)
                0x20000800                . = ALIGN (0x4)
                0x20000800                __eth_end__ = .

.vectors        0x00200000      0x200 load address 0x08000000
 *(.vectors)
 .vectors       0x00200000      0x200 build/obj/vectors.o
                0x00200000                _vectors

.xtors          0x00200200        0x0 load address 0x08000200
                0x00200200                __init_array_start = .
 *(SORT(.init_array.*))
 *(.init_array)
                0x00200200                __init_array_end = .
                0x00200200                __fini_array_start = .
 *(.fini_array)
 *(SORT(.fini_array.*))
                0x00200200                __fini_array_end = .

.text           0x00200200     0x38de load address 0x08000200
 *(.text)
 .text          0x00200200       0xd8 build/obj/crt0_v7m.o
                0x00200200                _crt0_entry
 .text          0x002002d8        0x8 build/obj/vectors.o
                0x002002d8                Reset_Handler
                0x002002da                VectorAC
                0x002002da                DebugMon_Handler
                0x002002da                Vector1A0
                0x002002da                Vector11C
                0x002002da                HardFault_Handler
                0x002002da                Vector1B8
                0x002002da                Vector1F0
                0x002002da                Vector19C
                0x002002da                Vector1EC
                0x002002da                Vector8C
                0x002002da                SysTick_Handler
                0x002002da                VectorDC
                0x002002da                PendSV_Handler
                0x002002da                Vector168
                0x002002da                NMI_Handler
                0x002002da                Vector110
                0x002002da                Vector1D8
                0x002002da                Vector1F4
                0x002002da                VectorC8
                0x002002da                Vector94
                0x002002da                VectorA8
                0x002002da                VectorB4
                0x002002da                Vector1FC
                0x002002da                Vector160
                0x002002da                Vector1B0
                0x002002da                UsageFault_Handler
                0x002002da                VectorEC
                0x002002da                Vector40
                0x002002da                VectorF8
                0x002002da                Vector108
                0x002002da                VectorBC
                0x002002da                Vector190
                0x002002da                Vector1E0
                0x002002da                Vector1F8
                0x002002da                Vector1C4
                0x002002da                Vector1CC
                0x002002da                Vector1E4
                0x002002da                Vector148
                0x002002da                Vector188
                0x002002da                Vector198
                0x002002da                VectorE8
                0x002002da                VectorCC
                0x002002da                Vector54
                0x002002da                Vector98
                0x002002da                VectorD8
                0x002002da                Vector138
                0x002002da                Vector24
                0x002002da                Vector1AC
                0x002002da                Vector178
                0x002002da                Vector1A4
                0x002002da                VectorD0
                0x002002da                Vector1B4
                0x002002da                Vector140
                0x002002da                VectorE4
                0x002002da                VectorC0
                0x002002da                Vector1C0
                0x002002da                Vector134
                0x002002da                Vector1D0
                0x002002da                VectorF0
                0x002002da                Vector13C
                0x002002da                Vector100
                0x002002da                VectorF4
                0x002002da                MemManage_Handler
                0x002002da                VectorA0
                0x002002da                VectorC4
                0x002002da                Vector180
                0x002002da                Vector90
                0x002002da                Vector114
                0x002002da                Vector164
                0x002002da                Vector1C
                0x002002da                Vector1BC
                0x002002da                Vector1D4
                0x002002da                Vector17C
                0x002002da                Vector48
                0x002002da                Vector1A8
                0x002002da                Vector16C
                0x002002da                VectorD4
                0x002002da                Vector4C
                0x002002da                Vector144
                0x002002da                Vector15C
                0x002002da                Vector1E8
                0x002002da                Vector18C
                0x002002da                Vector170
                0x002002da                Vector104
                0x002002da                Vector184
                0x002002da                Vector10C
                0x002002da                BusFault_Handler
                0x002002da                Vector50
                0x002002da                Vector1C8
                0x002002da                Vector194
                0x002002da                Vector1DC
                0x002002da                Vector44
                0x002002da                Vector28
                0x002002da                Vector34
                0x002002da                VectorA4
                0x002002da                Vector20
                0x002002da                Vector174
                0x002002dc                _unhandled_exception
 .text          0x002002e0       0x28 build/obj/chcoreasm_v7m.o
                0x002002e0                _port_switch
                0x002002f0                _port_thread_start
                0x00200300                _port_switch_from_isr
                0x00200304                _port_exit_from_isr
 *(.text.*)
 *fill*         0x00200308        0x8 
 .text.sduInterruptTransmitted
                0x00200310        0x4 C:\Users\kiekensk\AppData\Local\Temp\ccDZMvVq.ltrans0.ltrans.o
                0x00200310                sduInterruptTransmitted
 *fill*         0x00200314        0xc 
 .text.sduRequestsHook
                0x00200320       0x4c C:\Users\kiekensk\AppData\Local\Temp\ccDZMvVq.ltrans0.ltrans.o
                0x00200320                sduRequestsHook
 *fill*         0x0020036c        0x4 
 .text._ctl.lto_priv.66
                0x00200370        0x4 C:\Users\kiekensk\AppData\Local\Temp\ccDZMvVq.ltrans0.ltrans.o
                0x00200370                _ctl.lto_priv.66
 *fill*         0x00200374        0xc 
 .text.chCoreAllocAlignedI.lto_priv.52
                0x00200380       0x30 C:\Users\kiekensk\AppData\Local\Temp\ccDZMvVq.ltrans0.ltrans.o
                0x00200380                chCoreAllocAlignedI.lto_priv.52
 .text.chCoreAllocAlignedWithOffset
                0x002003b0       0x44 C:\Users\kiekensk\AppData\Local\Temp\ccDZMvVq.ltrans0.ltrans.o
                0x002003b0                chCoreAllocAlignedWithOffset
 *fill*         0x002003f4        0xc 
 .text.wakeup   0x00200400       0x70 C:\Users\kiekensk\AppData\Local\Temp\ccDZMvVq.ltrans0.ltrans.o
 .text._idle_thread.lto_priv.67
                0x00200470        0x4 C:\Users\kiekensk\AppData\Local\Temp\ccDZMvVq.ltrans0.ltrans.o
                0x00200470                _idle_thread.lto_priv.67
 *fill*         0x00200474        0xc 
 .text._usb_ep0setup
                0x00200480      0x404 C:\Users\kiekensk\AppData\Local\Temp\ccDZMvVq.ltrans0.ltrans.o
                0x00200480                _usb_ep0setup
 *fill*         0x00200884        0xc 
 .text.chSchGoSleepS
                0x00200890       0x28 C:\Users\kiekensk\AppData\Local\Temp\ccDZMvVq.ltrans0.ltrans.o
 *fill*         0x002008b8        0x8 
 .text.chSchGoSleepTimeoutS
                0x002008c0      0x11c C:\Users\kiekensk\AppData\Local\Temp\ccDZMvVq.ltrans0.ltrans.o
 *fill*         0x002009dc        0x4 
 .text.obqGetEmptyBufferTimeoutS
                0x002009e0       0x50 C:\Users\kiekensk\AppData\Local\Temp\ccDZMvVq.ltrans0.ltrans.o
 .text.obqWriteTimeout
                0x00200a30      0x11c C:\Users\kiekensk\AppData\Local\Temp\ccDZMvVq.ltrans0.ltrans.o
 *fill*         0x00200b4c        0x4 
 .text._writet.lto_priv.64
                0x00200b50        0x8 C:\Users\kiekensk\AppData\Local\Temp\ccDZMvVq.ltrans0.ltrans.o
                0x00200b50                _writet.lto_priv.64
 *fill*         0x00200b58        0x8 
 .text._write.lto_priv.58
                0x00200b60        0xc C:\Users\kiekensk\AppData\Local\Temp\ccDZMvVq.ltrans0.ltrans.o
                0x00200b60                _write.lto_priv.58
 *fill*         0x00200b6c        0x4 
 .text.obqPutTimeout
                0x00200b70       0x64 C:\Users\kiekensk\AppData\Local\Temp\ccDZMvVq.ltrans0.ltrans.o
 *fill*         0x00200bd4        0xc 
 .text._putt.lto_priv.62
                0x00200be0        0x8 C:\Users\kiekensk\AppData\Local\Temp\ccDZMvVq.ltrans0.ltrans.o
                0x00200be0                _putt.lto_priv.62
 *fill*         0x00200be8        0x8 
 .text._put.lto_priv.60
                0x00200bf0        0xc C:\Users\kiekensk\AppData\Local\Temp\ccDZMvVq.ltrans0.ltrans.o
                0x00200bf0                _put.lto_priv.60
 *fill*         0x00200bfc        0x4 
 .text.ibqGetFullBufferTimeoutS
                0x00200c00       0x50 C:\Users\kiekensk\AppData\Local\Temp\ccDZMvVq.ltrans0.ltrans.o
 .text.ibqReadTimeout
                0x00200c50      0x110 C:\Users\kiekensk\AppData\Local\Temp\ccDZMvVq.ltrans0.ltrans.o
 .text._readt.lto_priv.65
                0x00200d60        0x8 C:\Users\kiekensk\AppData\Local\Temp\ccDZMvVq.ltrans0.ltrans.o
                0x00200d60                _readt.lto_priv.65
 *fill*         0x00200d68        0x8 
 .text._read.lto_priv.59
                0x00200d70        0xc C:\Users\kiekensk\AppData\Local\Temp\ccDZMvVq.ltrans0.ltrans.o
                0x00200d70                _read.lto_priv.59
 *fill*         0x00200d7c        0x4 
 .text.ibqGetTimeout
                0x00200d80       0x60 C:\Users\kiekensk\AppData\Local\Temp\ccDZMvVq.ltrans0.ltrans.o
 .text._gett.lto_priv.63
                0x00200de0        0x8 C:\Users\kiekensk\AppData\Local\Temp\ccDZMvVq.ltrans0.ltrans.o
                0x00200de0                _gett.lto_priv.63
 *fill*         0x00200de8        0x8 
 .text._get.lto_priv.61
                0x00200df0        0xc C:\Users\kiekensk\AppData\Local\Temp\ccDZMvVq.ltrans0.ltrans.o
                0x00200df0                _get.lto_priv.61
 *fill*         0x00200dfc        0x4 
 .text.usbStartTransmitI
                0x00200e00       0x2c C:\Users\kiekensk\AppData\Local\Temp\ccDZMvVq.ltrans0.ltrans.o
                0x00200e00                usbStartTransmitI
 *fill*         0x00200e2c        0x4 
 .text.sdu_start_receive.lto_priv.70
                0x00200e30       0x64 C:\Users\kiekensk\AppData\Local\Temp\ccDZMvVq.ltrans0.ltrans.o
                0x00200e30                sdu_start_receive.lto_priv.70
 *fill*         0x00200e94        0xc 
 .text.ibnotify.lto_priv.50
                0x00200ea0        0x8 C:\Users\kiekensk\AppData\Local\Temp\ccDZMvVq.ltrans0.ltrans.o
                0x00200ea0                ibnotify.lto_priv.50
 *fill*         0x00200ea8        0x8 
 .text.obqGetFullBufferI
                0x00200eb0       0x1c C:\Users\kiekensk\AppData\Local\Temp\ccDZMvVq.ltrans0.ltrans.o
                0x00200eb0                obqGetFullBufferI
 *fill*         0x00200ecc        0x4 
 .text.obnotify.lto_priv.51
                0x00200ed0       0x4c C:\Users\kiekensk\AppData\Local\Temp\ccDZMvVq.ltrans0.ltrans.o
                0x00200ed0                obnotify.lto_priv.51
 *fill*         0x00200f1c        0x4 
 .text._port_irq_epilogue
                0x00200f20       0x54 C:\Users\kiekensk\AppData\Local\Temp\ccDZMvVq.ltrans0.ltrans.o
                0x00200f20                _port_irq_epilogue
 *fill*         0x00200f74        0xc 
 .text.SVC_Handler
                0x00200f80       0x14 C:\Users\kiekensk\AppData\Local\Temp\ccDZMvVq.ltrans0.ltrans.o
                0x00200f80                SVC_Handler
 *fill*         0x00200f94        0xc 
 .text.chTMStopMeasurementX
                0x00200fa0       0x44 C:\Users\kiekensk\AppData\Local\Temp\ccDZMvVq.ltrans0.ltrans.o
                0x00200fa0                chTMStopMeasurementX
 *fill*         0x00200fe4        0xc 
 .text.chThdSleep
                0x00200ff0       0x18 C:\Users\kiekensk\AppData\Local\Temp\ccDZMvVq.ltrans0.ltrans.o
                0x00200ff0                chThdSleep
 *fill*         0x00201008        0x8 
 .text.chSchDoReschedule
                0x00201010       0x40 C:\Users\kiekensk\AppData\Local\Temp\ccDZMvVq.ltrans0.ltrans.o
                0x00201010                chSchDoReschedule
 .text.chSchReadyI
                0x00201050       0x2c C:\Users\kiekensk\AppData\Local\Temp\ccDZMvVq.ltrans0.ltrans.o
                0x00201050                chSchReadyI
 *fill*         0x0020107c        0x4 
 .text.chEvtBroadcastFlagsI
                0x00201080       0x60 C:\Users\kiekensk\AppData\Local\Temp\ccDZMvVq.ltrans0.ltrans.o
                0x00201080                chEvtBroadcastFlagsI
 .text.sduDataReceived
                0x002010e0       0x70 C:\Users\kiekensk\AppData\Local\Temp\ccDZMvVq.ltrans0.ltrans.o
                0x002010e0                sduDataReceived
 .text.sduDataTransmitted
                0x00201150       0xb4 C:\Users\kiekensk\AppData\Local\Temp\ccDZMvVq.ltrans0.ltrans.o
                0x00201150                sduDataTransmitted
 *fill*         0x00201204        0xc 
 .text.chThdDequeueAllI
                0x00201210       0x24 C:\Users\kiekensk\AppData\Local\Temp\ccDZMvVq.ltrans0.ltrans.o
                0x00201210                chThdDequeueAllI
 *fill*         0x00201234        0xc 
 .text.chThdExit
                0x00201240       0x50 C:\Users\kiekensk\AppData\Local\Temp\ccDZMvVq.ltrans0.ltrans.o
                0x00201240                chThdExit
 .text.chSysPolledDelayX
                0x00201290       0x14 C:\Users\kiekensk\AppData\Local\Temp\ccDZMvVq.ltrans0.ltrans.o
                0x00201290                chSysPolledDelayX
 *fill*         0x002012a4        0xc 
 .text.usbInitEndpointI
                0x002012b0      0x17c C:\Users\kiekensk\AppData\Local\Temp\ccDZMvVq.ltrans0.ltrans.o
                0x002012b0                usbInitEndpointI
 *fill*         0x0020142c        0x4 
 .text.__init_ram_areas
                0x00201430       0x60 C:\Users\kiekensk\AppData\Local\Temp\ccDZMvVq.ltrans0.ltrans.o
                0x00201430                __init_ram_areas
 .text.__default_exit
                0x00201490        0x4 C:\Users\kiekensk\AppData\Local\Temp\ccDZMvVq.ltrans0.ltrans.o
                0x00201490                __default_exit
 *fill*         0x00201494        0xc 
 .text.__late_init
                0x002014a0        0x4 C:\Users\kiekensk\AppData\Local\Temp\ccDZMvVq.ltrans0.ltrans.o
                0x002014a0                __late_init
 *fill*         0x002014a4        0xc 
 .text.__core_init
                0x002014b0       0x84 C:\Users\kiekensk\AppData\Local\Temp\ccDZMvVq.ltrans0.ltrans.o
                0x002014b0                __core_init
 *fill*         0x00201534        0xc 
 .text.adcerrorcallback
                0x00201540        0x4 C:\Users\kiekensk\AppData\Local\Temp\ccDZMvVq.ltrans1.ltrans.o
                0x00201540                adcerrorcallback.lto_priv.57
 *fill*         0x00201544        0xc 
 .text.adccallback.lto_priv.56
                0x00201550       0x54 C:\Users\kiekensk\AppData\Local\Temp\ccDZMvVq.ltrans1.ltrans.o
                0x00201550                adccallback.lto_priv.56
 *fill*         0x002015a4        0xc 
 .text.get_descriptor.lto_priv.54
                0x002015b0       0x34 C:\Users\kiekensk\AppData\Local\Temp\ccDZMvVq.ltrans1.ltrans.o
                0x002015b0                get_descriptor.lto_priv.54
 *fill*         0x002015e4        0xc 
 .text.sof_handler.lto_priv.55
                0x002015f0       0x90 C:\Users\kiekensk\AppData\Local\Temp\ccDZMvVq.ltrans1.ltrans.o
                0x002015f0                sof_handler.lto_priv.55
 .text.usb_event.lto_priv.53
                0x00201680       0xe0 C:\Users\kiekensk\AppData\Local\Temp\ccDZMvVq.ltrans1.ltrans.o
                0x00201680                usb_event.lto_priv.53
 .text.chprintf
                0x00201760      0x3b0 C:\Users\kiekensk\AppData\Local\Temp\ccDZMvVq.ltrans1.ltrans.o
                0x00201760                chprintf
 .text.__early_init
                0x00201b10      0x2b4 C:\Users\kiekensk\AppData\Local\Temp\ccDZMvVq.ltrans1.ltrans.o
                0x00201b10                __early_init
 *fill*         0x00201dc4        0xc 
 .text.Vector118
                0x00201dd0       0x34 C:\Users\kiekensk\AppData\Local\Temp\ccDZMvVq.ltrans1.ltrans.o
                0x00201dd0                Vector118
 *fill*         0x00201e04        0xc 
 .text.VectorB8
                0x00201e10       0x34 C:\Users\kiekensk\AppData\Local\Temp\ccDZMvVq.ltrans1.ltrans.o
                0x00201e10                VectorB8
 *fill*         0x00201e44        0xc 
 .text.VectorB0
                0x00201e50       0xa0 C:\Users\kiekensk\AppData\Local\Temp\ccDZMvVq.ltrans1.ltrans.o
                0x00201e50                VectorB0
 .text.usb_lld_start_in
                0x00201ef0       0xac C:\Users\kiekensk\AppData\Local\Temp\ccDZMvVq.ltrans1.ltrans.o
                0x00201ef0                usb_lld_start_in
 *fill*         0x00201f9c        0x4 
 .text.usb_lld_start_out
                0x00201fa0       0x84 C:\Users\kiekensk\AppData\Local\Temp\ccDZMvVq.ltrans1.ltrans.o
                0x00201fa0                usb_lld_start_out
 *fill*         0x00202024        0xc 
 .text.Vector14C
                0x00202030      0x410 C:\Users\kiekensk\AppData\Local\Temp\ccDZMvVq.ltrans1.ltrans.o
                0x00202030                Vector14C
 .text.Vector158
                0x00202440       0x2c C:\Users\kiekensk\AppData\Local\Temp\ccDZMvVq.ltrans1.ltrans.o
                0x00202440                Vector158
 *fill*         0x0020246c        0x4 
 .text.Vector154
                0x00202470       0x2c C:\Users\kiekensk\AppData\Local\Temp\ccDZMvVq.ltrans1.ltrans.o
                0x00202470                Vector154
 *fill*         0x0020249c        0x4 
 .text.Thread1  0x002024a0       0x2c C:\Users\kiekensk\AppData\Local\Temp\ccDZMvVq.ltrans2.ltrans.o
 *fill*         0x002024cc        0x4 
 .text.startup.main
                0x002024d0      0xa44 C:\Users\kiekensk\AppData\Local\Temp\ccDZMvVq.ltrans2.ltrans.o
                0x002024d0                main
 *fill*         0x00202f14        0xc 
 .text.adc_lld_stop_conversion
                0x00202f20       0x34 C:\Users\kiekensk\AppData\Local\Temp\ccDZMvVq.ltrans3.ltrans.o
 *fill*         0x00202f54        0xc 
 .text.adc_lld_serve_rx_interrupt.lto_priv.49
                0x00202f60       0xe8 C:\Users\kiekensk\AppData\Local\Temp\ccDZMvVq.ltrans3.ltrans.o
                0x00202f60                adc_lld_serve_rx_interrupt.lto_priv.49
 *fill*         0x00203048        0x8 
 .text._usb_ep0out
                0x00203050       0x94 C:\Users\kiekensk\AppData\Local\Temp\ccDZMvVq.ltrans3.ltrans.o
                0x00203050                _usb_ep0out
 *fill*         0x002030e4        0xc 
 .text._usb_ep0in
                0x002030f0       0xd8 C:\Users\kiekensk\AppData\Local\Temp\ccDZMvVq.ltrans3.ltrans.o
                0x002030f0                _usb_ep0in
 *fill*         0x002031c8        0x8 
 .text.Vector150
                0x002031d0       0x2c C:\Users\kiekensk\AppData\Local\Temp\ccDZMvVq.ltrans3.ltrans.o
                0x002031d0                Vector150
 *fill*         0x002031fc        0x4 
 .text.Vector130
                0x00203200       0x28 C:\Users\kiekensk\AppData\Local\Temp\ccDZMvVq.ltrans3.ltrans.o
                0x00203200                Vector130
 *fill*         0x00203228        0x8 
 .text.Vector12C
                0x00203230       0x2c C:\Users\kiekensk\AppData\Local\Temp\ccDZMvVq.ltrans3.ltrans.o
                0x00203230                Vector12C
 *fill*         0x0020325c        0x4 
 .text.Vector128
                0x00203260       0x2c C:\Users\kiekensk\AppData\Local\Temp\ccDZMvVq.ltrans3.ltrans.o
                0x00203260                Vector128
 *fill*         0x0020328c        0x4 
 .text.Vector124
                0x00203290       0x2c C:\Users\kiekensk\AppData\Local\Temp\ccDZMvVq.ltrans3.ltrans.o
                0x00203290                Vector124
 *fill*         0x002032bc        0x4 
 .text.Vector120
                0x002032c0       0x28 C:\Users\kiekensk\AppData\Local\Temp\ccDZMvVq.ltrans3.ltrans.o
                0x002032c0                Vector120
 *fill*         0x002032e8        0x8 
 .text.VectorFC
                0x002032f0       0x2c C:\Users\kiekensk\AppData\Local\Temp\ccDZMvVq.ltrans3.ltrans.o
                0x002032f0                VectorFC
 *fill*         0x0020331c        0x4 
 .text.Vector84
                0x00203320       0x2c C:\Users\kiekensk\AppData\Local\Temp\ccDZMvVq.ltrans3.ltrans.o
                0x00203320                Vector84
 *fill*         0x0020334c        0x4 
 .text.Vector80
                0x00203350       0x2c C:\Users\kiekensk\AppData\Local\Temp\ccDZMvVq.ltrans3.ltrans.o
                0x00203350                Vector80
 *fill*         0x0020337c        0x4 
 .text.Vector7C
                0x00203380       0x28 C:\Users\kiekensk\AppData\Local\Temp\ccDZMvVq.ltrans3.ltrans.o
                0x00203380                Vector7C
 *fill*         0x002033a8        0x8 
 .text.Vector78
                0x002033b0       0x2c C:\Users\kiekensk\AppData\Local\Temp\ccDZMvVq.ltrans3.ltrans.o
                0x002033b0                Vector78
 *fill*         0x002033dc        0x4 
 .text.Vector74
                0x002033e0       0x2c C:\Users\kiekensk\AppData\Local\Temp\ccDZMvVq.ltrans3.ltrans.o
                0x002033e0                Vector74
 *fill*         0x0020340c        0x4 
 .text.Vector70
                0x00203410       0x2c C:\Users\kiekensk\AppData\Local\Temp\ccDZMvVq.ltrans3.ltrans.o
                0x00203410                Vector70
 *fill*         0x0020343c        0x4 
 .text.Vector6C
                0x00203440       0x28 C:\Users\kiekensk\AppData\Local\Temp\ccDZMvVq.ltrans3.ltrans.o
                0x00203440                Vector6C
 *fill*         0x00203468        0x8 
 .text.Vector88
                0x00203470       0x80 C:\Users\kiekensk\AppData\Local\Temp\ccDZMvVq.ltrans3.ltrans.o
                0x00203470                Vector88
 .text.VectorE0
                0x002034f0      0x11c C:\Users\kiekensk\AppData\Local\Temp\ccDZMvVq.ltrans3.ltrans.o
                0x002034f0                VectorE0
 *fill*         0x0020360c        0x4 
 .text.Vector9C
                0x00203610       0xe8 C:\Users\kiekensk\AppData\Local\Temp\ccDZMvVq.ltrans3.ltrans.o
                0x00203610                Vector9C
 *fill*         0x002036f8        0x8 
 .text.Vector68
                0x00203700       0x44 C:\Users\kiekensk\AppData\Local\Temp\ccDZMvVq.ltrans3.ltrans.o
                0x00203700                Vector68
 *fill*         0x00203744        0xc 
 .text.Vector64
                0x00203750       0x44 C:\Users\kiekensk\AppData\Local\Temp\ccDZMvVq.ltrans3.ltrans.o
                0x00203750                Vector64
 *fill*         0x00203794        0xc 
 .text.Vector60
                0x002037a0       0x44 C:\Users\kiekensk\AppData\Local\Temp\ccDZMvVq.ltrans3.ltrans.o
                0x002037a0                Vector60
 *fill*         0x002037e4        0xc 
 .text.Vector5C
                0x002037f0       0x44 C:\Users\kiekensk\AppData\Local\Temp\ccDZMvVq.ltrans3.ltrans.o
                0x002037f0                Vector5C
 *fill*         0x00203834        0xc 
 .text.Vector58
                0x00203840       0x40 C:\Users\kiekensk\AppData\Local\Temp\ccDZMvVq.ltrans3.ltrans.o
                0x00203840                Vector58
 .text.chSchWakeupS.constprop.48
                0x00203880       0x5c C:\Users\kiekensk\AppData\Local\Temp\ccDZMvVq.ltrans4.ltrans.o
                0x00203880                chSchWakeupS.constprop.48
 *fill*         0x002038dc        0x4 
 .text.chTMStartMeasurementX.constprop.43
                0x002038e0        0xc C:\Users\kiekensk\AppData\Local\Temp\ccDZMvVq.ltrans4.ltrans.o
                0x002038e0                chTMStartMeasurementX.constprop.43
 *fill*         0x002038ec        0x4 
 .text.otg_txfifo_handler.constprop.6
                0x002038f0       0xa4 C:\Users\kiekensk\AppData\Local\Temp\ccDZMvVq.ltrans4.ltrans.o
                0x002038f0                otg_txfifo_handler.constprop.6
 *fill*         0x00203994        0xc 
 .text.otg_epout_handler.constprop.3
                0x002039a0       0xa0 C:\Users\kiekensk\AppData\Local\Temp\ccDZMvVq.ltrans4.ltrans.o
                0x002039a0                otg_epout_handler.constprop.3
 .text.otg_epin_handler.constprop.2
                0x00203a40       0x88 C:\Users\kiekensk\AppData\Local\Temp\ccDZMvVq.ltrans4.ltrans.o
                0x00203a40                otg_epin_handler.constprop.2
 .text.memcpy   0x00203ac8       0x16 c:/atollic/truestudio_for_stm32_9.0.0/armtools/bin/../lib/gcc/arm-atollic-eabi/6.3.1/../../../../arm-atollic-eabi/lib/armv7e-m\libc.a(lib_a-memcpy-stub.o)
                0x00203ac8                memcpy
 *(.glue_7t)
 .glue_7t       0x00203ade        0x0 linker stubs
 *(.glue_7)
 .glue_7        0x00203ade        0x0 linker stubs
 *(.gcc*)

.vfp11_veneer   0x00203ae0        0x0 load address 0x08003ade
 .vfp11_veneer  0x00203ae0        0x0 linker stubs

.v4_bx          0x00203ae0        0x0 load address 0x08003ade
 .v4_bx         0x00203ae0        0x0 linker stubs

.iplt           0x00203ae0        0x0 load address 0x08003ade
 .iplt          0x00203ae0        0x0 build/obj/crt0_v7m.o

.rodata         0x08003ae0      0x3d4
                0x08003ae0                . = ALIGN (0x4)
                0x08003ae0                __rodata_base__ = .
 *(.rodata)
 *(.rodata.*)
 .rodata.active_status
                0x08003ae0        0x2 C:\Users\kiekensk\AppData\Local\Temp\ccDZMvVq.ltrans0.ltrans.o
 *fill*         0x08003ae2        0x2 
 .rodata.halted_status
                0x08003ae4        0x2 C:\Users\kiekensk\AppData\Local\Temp\ccDZMvVq.ltrans0.ltrans.o
 *fill*         0x08003ae6        0x2 
 .rodata.ram_areas
                0x08003ae8       0x80 C:\Users\kiekensk\AppData\Local\Temp\ccDZMvVq.ltrans0.ltrans.o
 .rodata.zero_status
                0x08003b68        0x2 C:\Users\kiekensk\AppData\Local\Temp\ccDZMvVq.ltrans0.ltrans.o
 *fill*         0x08003b6a        0x2 
 .rodata.chprintf.str1.4
                0x08003b6c        0x7 C:\Users\kiekensk\AppData\Local\Temp\ccDZMvVq.ltrans1.ltrans.o
 *fill*         0x08003b73        0x1 
 .rodata.ep0config
                0x08003b74       0x24 C:\Users\kiekensk\AppData\Local\Temp\ccDZMvVq.ltrans1.ltrans.o
 .rodata.ep1config
                0x08003b98       0x24 C:\Users\kiekensk\AppData\Local\Temp\ccDZMvVq.ltrans1.ltrans.o
 .rodata.ep2config
                0x08003bbc       0x24 C:\Users\kiekensk\AppData\Local\Temp\ccDZMvVq.ltrans1.ltrans.o
 .rodata.vcom_configuration_descriptor
                0x08003be0        0x8 C:\Users\kiekensk\AppData\Local\Temp\ccDZMvVq.ltrans1.ltrans.o
 .rodata.vcom_configuration_descriptor_data
                0x08003be8       0x43 C:\Users\kiekensk\AppData\Local\Temp\ccDZMvVq.ltrans1.ltrans.o
 *fill*         0x08003c2b        0x1 
 .rodata.vcom_device_descriptor
                0x08003c2c        0x8 C:\Users\kiekensk\AppData\Local\Temp\ccDZMvVq.ltrans1.ltrans.o
 .rodata.vcom_device_descriptor_data
                0x08003c34       0x12 C:\Users\kiekensk\AppData\Local\Temp\ccDZMvVq.ltrans1.ltrans.o
 *fill*         0x08003c46        0x2 
 .rodata.vcom_string0
                0x08003c48        0x4 C:\Users\kiekensk\AppData\Local\Temp\ccDZMvVq.ltrans1.ltrans.o
 .rodata.vcom_string1
                0x08003c4c       0x26 C:\Users\kiekensk\AppData\Local\Temp\ccDZMvVq.ltrans1.ltrans.o
 *fill*         0x08003c72        0x2 
 .rodata.vcom_string2
                0x08003c74       0x38 C:\Users\kiekensk\AppData\Local\Temp\ccDZMvVq.ltrans1.ltrans.o
 .rodata.vcom_string3
                0x08003cac        0x8 C:\Users\kiekensk\AppData\Local\Temp\ccDZMvVq.ltrans1.ltrans.o
 .rodata.vcom_strings
                0x08003cb4       0x20 C:\Users\kiekensk\AppData\Local\Temp\ccDZMvVq.ltrans1.ltrans.o
 .rodata.Thread1.str1.4
                0x08003cd4        0x8 C:\Users\kiekensk\AppData\Local\Temp\ccDZMvVq.ltrans2.ltrans.o
 .rodata._stm32_dma_streams
                0x08003cdc       0xc0 C:\Users\kiekensk\AppData\Local\Temp\ccDZMvVq.ltrans2.ltrans.o
 .rodata.adcgrpcfg1
                0x08003d9c       0x28 C:\Users\kiekensk\AppData\Local\Temp\ccDZMvVq.ltrans2.ltrans.o
 .rodata.ch_debug
                0x08003dc4       0x16 C:\Users\kiekensk\AppData\Local\Temp\ccDZMvVq.ltrans2.ltrans.o
 *fill*         0x08003dda        0x2 
 .rodata.dma1_ch1_params
                0x08003ddc       0x1c C:\Users\kiekensk\AppData\Local\Temp\ccDZMvVq.ltrans2.ltrans.o
 .rodata.dma1_ch2_params
                0x08003df8       0x1c C:\Users\kiekensk\AppData\Local\Temp\ccDZMvVq.ltrans2.ltrans.o
 .rodata.fsparams
                0x08003e14        0xc C:\Users\kiekensk\AppData\Local\Temp\ccDZMvVq.ltrans2.ltrans.o
 .rodata.gpt4cfg1
                0x08003e20       0x10 C:\Users\kiekensk\AppData\Local\Temp\ccDZMvVq.ltrans2.ltrans.o
 .rodata.main.str1.4
                0x08003e30       0x48 C:\Users\kiekensk\AppData\Local\Temp\ccDZMvVq.ltrans2.ltrans.o
                                 0x47 (size before relaxing)
 .rodata.serusbcfg
                0x08003e78        0x8 C:\Users\kiekensk\AppData\Local\Temp\ccDZMvVq.ltrans2.ltrans.o
 .rodata.usbcfg
                0x08003e80       0x10 C:\Users\kiekensk\AppData\Local\Temp\ccDZMvVq.ltrans2.ltrans.o
 .rodata.vmt    0x08003e90       0x24 C:\Users\kiekensk\AppData\Local\Temp\ccDZMvVq.ltrans2.ltrans.o
                0x08003eb4                . = ALIGN (0x4)
                0x08003eb4                __rodata_end__ = .

.rel.dyn        0x08003eb4        0x0
 .rel.iplt      0x08003eb4        0x0 build/obj/crt0_v7m.o

.ARM.extab
 *(.ARM.extab* .gnu.linkonce.armextab.*)

.ARM.exidx      0x00203ade        0x0 load address 0x08003eb4
                0x00203ade                __exidx_start = .
 *(.ARM.exidx* .gnu.linkonce.armexidx.*)
                0x00203ade                __exidx_end = .

.eh_frame_hdr
 *(.eh_frame_hdr)

.eh_frame
 *(.eh_frame)
                0x20020000                __ram0_start__ = ORIGIN (ram0)
                0x00060000                __ram0_size__ = LENGTH (ram0)
                0x20080000                __ram0_end__ = (__ram0_start__ + __ram0_size__)
                0x20020000                __ram1_start__ = ORIGIN (ram1)
                0x0005c000                __ram1_size__ = LENGTH (ram1)
                0x2007c000                __ram1_end__ = (__ram1_start__ + __ram1_size__)
                0x2007c000                __ram2_start__ = ORIGIN (ram2)
                0x00004000                __ram2_size__ = LENGTH (ram2)
                0x20080000                __ram2_end__ = (__ram2_start__ + __ram2_size__)
                0x20000000                __ram3_start__ = ORIGIN (ram3)
                0x00020000                __ram3_size__ = LENGTH (ram3)
                0x20020000                __ram3_end__ = (__ram3_start__ + __ram3_size__)
                0x00000000                __ram4_start__ = ORIGIN (ram4)
                0x00004000                __ram4_size__ = LENGTH (ram4)
                0x00004000                __ram4_end__ = (__ram4_start__ + __ram4_size__)
                0x40024000                __ram5_start__ = ORIGIN (ram5)
                0x00001000                __ram5_size__ = LENGTH (ram5)
                0x40025000                __ram5_end__ = (__ram5_start__ + __ram5_size__)
                0x00000000                __ram6_start__ = ORIGIN (ram6)
                0x00000000                __ram6_size__ = LENGTH (ram6)
                0x00000000                __ram6_end__ = (__ram6_start__ + __ram6_size__)
                0x00000000                __ram7_start__ = ORIGIN (ram7)
                0x00000000                __ram7_size__ = LENGTH (ram7)
                0x00000000                __ram7_end__ = (__ram7_start__ + __ram7_size__)

.data           0x20020000        0x8 load address 0x08003eb4
                0x20020000                . = ALIGN (0x4)
                [!provide]                PROVIDE (_textdata, LOADADDR (.data))
                [!provide]                PROVIDE (_data, .)
                0x08003eb4                _textdata_start = LOADADDR (.data)
                0x20020000                _data_start = .
 *(.data)
 *(.data.*)
 .data.linecoding
                0x20020000        0x7 C:\Users\kiekensk\AppData\Local\Temp\ccDZMvVq.ltrans0.ltrans.o
 *(.ramtext)
                0x20020008                . = ALIGN (0x4)
 *fill*         0x20020007        0x1 
                [!provide]                PROVIDE (_edata, .)
                0x20020008                _data_end = .

.igot.plt       0x20020008        0x0 load address 0x08003ebc
 .igot.plt      0x20020008        0x0 build/obj/crt0_v7m.o

.bss            0x20000800      0xac0
                0x20000800                . = ALIGN (0x4)
                0x20000800                _bss_start = .
 *(.bss)
 *(.bss.*)
 .bss.ep0_state
                0x20000800       0x10 C:\Users\kiekensk\AppData\Local\Temp\ccDZMvVq.ltrans1.ltrans.o
 .bss.ep0setup_buffer
                0x20000810        0x8 C:\Users\kiekensk\AppData\Local\Temp\ccDZMvVq.ltrans1.ltrans.o
 .bss.ep1instate
                0x20000818       0x10 C:\Users\kiekensk\AppData\Local\Temp\ccDZMvVq.ltrans1.ltrans.o
 .bss.ep1outstate
                0x20000828       0x10 C:\Users\kiekensk\AppData\Local\Temp\ccDZMvVq.ltrans1.ltrans.o
 .bss.ep2instate
                0x20000838       0x10 C:\Users\kiekensk\AppData\Local\Temp\ccDZMvVq.ltrans1.ltrans.o
 .bss.ny        0x20000848        0x4 C:\Users\kiekensk\AppData\Local\Temp\ccDZMvVq.ltrans1.ltrans.o
 .bss.nz        0x2000084c        0x4 C:\Users\kiekensk\AppData\Local\Temp\ccDZMvVq.ltrans1.ltrans.o
 .bss.ADCD1     0x20000850       0x34 C:\Users\kiekensk\AppData\Local\Temp\ccDZMvVq.ltrans2.ltrans.o
                0x20000850                ADCD1
 .bss.DACD1     0x20000884       0x2c C:\Users\kiekensk\AppData\Local\Temp\ccDZMvVq.ltrans2.ltrans.o
 .bss.DACD2     0x200008b0       0x2c C:\Users\kiekensk\AppData\Local\Temp\ccDZMvVq.ltrans2.ltrans.o
 .bss.GPTD4     0x200008dc       0x10 C:\Users\kiekensk\AppData\Local\Temp\ccDZMvVq.ltrans2.ltrans.o
                0x200008dc                GPTD4
 .bss.GPTD6     0x200008ec       0x10 C:\Users\kiekensk\AppData\Local\Temp\ccDZMvVq.ltrans2.ltrans.o
                0x200008ec                GPTD6
 .bss.SDU1      0x200008fc      0x490 C:\Users\kiekensk\AppData\Local\Temp\ccDZMvVq.ltrans2.ltrans.o
                0x200008fc                SDU1
 .bss._pal_events
                0x20000d8c      0x100 C:\Users\kiekensk\AppData\Local\Temp\ccDZMvVq.ltrans2.ltrans.o
                0x20000d8c                _pal_events
 .bss.ch_factory
                0x20000e8c       0x44 C:\Users\kiekensk\AppData\Local\Temp\ccDZMvVq.ltrans2.ltrans.o
 .bss.ch_idle_thread_wa
                0x20000ed0       0xd8 C:\Users\kiekensk\AppData\Local\Temp\ccDZMvVq.ltrans2.ltrans.o
 .bss.ch_memcore
                0x20000fa8        0x8 C:\Users\kiekensk\AppData\Local\Temp\ccDZMvVq.ltrans2.ltrans.o
                0x20000fa8                ch_memcore
 .bss.default_heap
                0x20000fb0       0x1c C:\Users\kiekensk\AppData\Local\Temp\ccDZMvVq.ltrans2.ltrans.o
 .bss.dma_isr_redir.lto_priv.69
                0x20000fcc       0x80 C:\Users\kiekensk\AppData\Local\Temp\ccDZMvVq.ltrans2.ltrans.o
                0x20000fcc                dma_isr_redir.lto_priv.69
 .bss.dma_streams_mask
                0x2000104c        0x4 C:\Users\kiekensk\AppData\Local\Temp\ccDZMvVq.ltrans2.ltrans.o
 .bss.nx        0x20001050        0x4 C:\Users\kiekensk\AppData\Local\Temp\ccDZMvVq.ltrans2.ltrans.o
                0x20001050                nx
 .bss.samples1.lto_priv.68
                0x20001054       0x30 C:\Users\kiekensk\AppData\Local\Temp\ccDZMvVq.ltrans2.ltrans.o
                0x20001054                samples1.lto_priv.68
 *fill*         0x20001084        0x4 
 .bss.waThread1
                0x20001088      0x148 C:\Users\kiekensk\AppData\Local\Temp\ccDZMvVq.ltrans2.ltrans.o
 .bss.USBD1     0x200011d0       0x78 C:\Users\kiekensk\AppData\Local\Temp\ccDZMvVq.ltrans4.ltrans.o
                0x200011d0                USBD1
 .bss.ch        0x20001248       0x78 C:\Users\kiekensk\AppData\Local\Temp\ccDZMvVq.ltrans4.ltrans.o
                0x20001248                ch
 *(COMMON)
                0x200012c0                . = ALIGN (0x4)
                0x200012c0                _bss_end = .
                [!provide]                PROVIDE (end, .)

.ram0_init      0x20020008        0x0 load address 0x08003ebc
                0x20020008                . = ALIGN (0x4)
                0x08003ebc                __ram0_init_text__ = LOADADDR (.ram0_init)
                0x20020008                __ram0_init__ = .
 *(.ram0_init)
 *(.ram0_init.*)
                0x20020008                . = ALIGN (0x4)

.ram0           0x20020008        0x0 load address 0x08003ebc
                0x20020008                . = ALIGN (0x4)
                0x20020008                __ram0_clear__ = .
 *(.ram0_clear)
 *(.ram0_clear.*)
                0x20020008                . = ALIGN (0x4)
                0x20020008                __ram0_noinit__ = .
 *(.ram0)
 *(.ram0.*)
                0x20020008                . = ALIGN (0x4)
                0x20020008                __ram0_free__ = .

.ram1_init      0x20020000        0x0 load address 0x08003ebc
                0x20020000                . = ALIGN (0x4)
                0x08003ebc                __ram1_init_text__ = LOADADDR (.ram1_init)
                0x20020000                __ram1_init__ = .
 *(.ram1_init)
 *(.ram1_init.*)
                0x20020000                . = ALIGN (0x4)

.ram1           0x20020000        0x0 load address 0x08003ebc
                0x20020000                . = ALIGN (0x4)
                0x20020000                __ram1_clear__ = .
 *(.ram1_clear)
 *(.ram1_clear.*)
                0x20020000                . = ALIGN (0x4)
                0x20020000                __ram1_noinit__ = .
 *(.ram1)
 *(.ram1.*)
                0x20020000                . = ALIGN (0x4)
                0x20020000                __ram1_free__ = .

.ram2_init      0x2007c000        0x0 load address 0x08003ebc
                0x2007c000                . = ALIGN (0x4)
                0x08003ebc                __ram2_init_text__ = LOADADDR (.ram2_init)
                0x2007c000                __ram2_init__ = .
 *(.ram2_init)
 *(.ram2_init.*)
                0x2007c000                . = ALIGN (0x4)

.ram2           0x2007c000        0x0 load address 0x08003ebc
                0x2007c000                . = ALIGN (0x4)
                0x2007c000                __ram2_clear__ = .
 *(.ram2_clear)
 *(.ram2_clear.*)
                0x2007c000                . = ALIGN (0x4)
                0x2007c000                __ram2_noinit__ = .
 *(.ram2)
 *(.ram2.*)
                0x2007c000                . = ALIGN (0x4)
                0x2007c000                __ram2_free__ = .

.ram3_init      0x200012c0        0x0 load address 0x08003ebc
                0x200012c0                . = ALIGN (0x4)
                0x08003ebc                __ram3_init_text__ = LOADADDR (.ram3_init)
                0x200012c0                __ram3_init__ = .
 *(.ram3_init)
 *(.ram3_init.*)
                0x200012c0                . = ALIGN (0x4)

.ram3           0x200012c0        0x0 load address 0x08003ebc
                0x200012c0                . = ALIGN (0x4)
                0x200012c0                __ram3_clear__ = .
 *(.ram3_clear)
 *(.ram3_clear.*)
                0x200012c0                . = ALIGN (0x4)
                0x200012c0                __ram3_noinit__ = .
 *(.ram3)
 *(.ram3.*)
                0x200012c0                . = ALIGN (0x4)
                0x200012c0                __ram3_free__ = .

.ram4_init      0x00000000        0x0 load address 0x08003ebc
                0x00000000                . = ALIGN (0x4)
                0x08003ebc                __ram4_init_text__ = LOADADDR (.ram4_init)
                0x00000000                __ram4_init__ = .
 *(.ram4_init)
 *(.ram4_init.*)
                0x00000000                . = ALIGN (0x4)

.ram4           0x00000000        0x0 load address 0x08003ebc
                0x00000000                . = ALIGN (0x4)
                0x00000000                __ram4_clear__ = .
 *(.ram4_clear)
 *(.ram4_clear.*)
                0x00000000                . = ALIGN (0x4)
                0x00000000                __ram4_noinit__ = .
 *(.ram4)
 *(.ram4.*)
                0x00000000                . = ALIGN (0x4)
                0x00000000                __ram4_free__ = .

.ram5_init      0x40024000        0x0 load address 0x08003ebc
                0x40024000                . = ALIGN (0x4)
                0x08003ebc                __ram5_init_text__ = LOADADDR (.ram5_init)
                0x40024000                __ram5_init__ = .
 *(.ram5_init)
 *(.ram5_init.*)
                0x40024000                . = ALIGN (0x4)

.ram5           0x40024000        0x0 load address 0x08003ebc
                0x40024000                . = ALIGN (0x4)
                0x40024000                __ram5_clear__ = .
 *(.ram5_clear)
 *(.ram5_clear.*)
                0x40024000                . = ALIGN (0x4)
                0x40024000                __ram5_noinit__ = .
 *(.ram5)
 *(.ram5.*)
                0x40024000                . = ALIGN (0x4)
                0x40024000                __ram5_free__ = .

.ram6_init      0x00000000        0x0 load address 0x08003ebc
                0x00000000                . = ALIGN (0x4)
                0x08003ebc                __ram6_init_text__ = LOADADDR (.ram6_init)
                0x00000000                __ram6_init__ = .
 *(.ram6_init)
 *(.ram6_init.*)
                0x00000000                . = ALIGN (0x4)

.ram6           0x00000000        0x0 load address 0x08003ebc
                0x00000000                . = ALIGN (0x4)
                0x00000000                __ram6_clear__ = .
 *(.ram6_clear)
 *(.ram6_clear.*)
                0x00000000                . = ALIGN (0x4)
                0x00000000                __ram6_noinit__ = .
 *(.ram6)
 *(.ram6.*)
                0x00000000                . = ALIGN (0x4)
                0x00000000                __ram6_free__ = .

.ram7_init      0x00000000        0x0 load address 0x08003ebc
                0x00000000                . = ALIGN (0x4)
                0x08003ebc                __ram7_init_text__ = LOADADDR (.ram7_init)
                0x00000000                __ram7_init__ = .
 *(.ram7_init)
 *(.ram7_init.*)
                0x00000000                . = ALIGN (0x4)

.ram7           0x00000000        0x0 load address 0x08003ebc
                0x00000000                . = ALIGN (0x4)
                0x00000000                __ram7_clear__ = .
 *(.ram7_clear)
 *(.ram7_clear.*)
                0x00000000                . = ALIGN (0x4)
                0x00000000                __ram7_noinit__ = .
 *(.ram7)
 *(.ram7.*)
                0x00000000                . = ALIGN (0x4)
                0x00000000                __ram7_free__ = .

.heap           0x20020008    0x5fff8
                0x20020008                . = ALIGN (0x8)
                0x20020008                __heap_base__ = .
                0x20080000                . = (ORIGIN (HEAP_RAM) + LENGTH (HEAP_RAM))
 *fill*         0x20020008    0x5fff8 
                0x20080000                __heap_end__ = .
                0x00000400                __process_stack_size__ = 0x400
                0x00000400                __main_stack_size__ = 0x400
START GROUP
LOAD c:/atollic/truestudio_for_stm32_9.0.0/armtools/bin/../lib/gcc/arm-atollic-eabi/6.3.1/armv7e-m\libgcc.a
LOAD c:/atollic/truestudio_for_stm32_9.0.0/armtools/bin/../lib/gcc/arm-atollic-eabi/6.3.1/../../../../arm-atollic-eabi/lib/armv7e-m\libc.a
END GROUP
OUTPUT(build/ch.elf elf32-littlearm)

.ARM.attributes
                0x00000000       0x2f
 .ARM.attributes
                0x00000000       0x21 build/obj/crt0_v7m.o
 .ARM.attributes
                0x00000021       0x21 build/obj/vectors.o
 .ARM.attributes
                0x00000042       0x21 build/obj/chcoreasm_v7m.o
 .ARM.attributes
                0x00000063       0x31 C:\Users\kiekensk\AppData\Local\Temp\ccDZMvVq.ltrans0.ltrans.o
 .ARM.attributes
                0x00000094       0x31 C:\Users\kiekensk\AppData\Local\Temp\ccDZMvVq.ltrans1.ltrans.o
 .ARM.attributes
                0x000000c5       0x31 C:\Users\kiekensk\AppData\Local\Temp\ccDZMvVq.ltrans2.ltrans.o
 .ARM.attributes
                0x000000f6       0x31 C:\Users\kiekensk\AppData\Local\Temp\ccDZMvVq.ltrans3.ltrans.o
 .ARM.attributes
                0x00000127       0x31 C:\Users\kiekensk\AppData\Local\Temp\ccDZMvVq.ltrans4.ltrans.o
 .ARM.attributes
                0x00000158       0x2e c:/atollic/truestudio_for_stm32_9.0.0/armtools/bin/../lib/gcc/arm-atollic-eabi/6.3.1/../../../../arm-atollic-eabi/lib/armv7e-m\libc.a(lib_a-memcpy-stub.o)

.comment        0x00000000       0x7c
 .comment       0x00000000       0x7c C:\Users\kiekensk\AppData\Local\Temp\ccDZMvVq.ltrans0.ltrans.o
                                 0x7d (size before relaxing)
 .comment       0x0000007c       0x7d C:\Users\kiekensk\AppData\Local\Temp\ccDZMvVq.ltrans1.ltrans.o
 .comment       0x0000007c       0x7d C:\Users\kiekensk\AppData\Local\Temp\ccDZMvVq.ltrans2.ltrans.o
 .comment       0x0000007c       0x7d C:\Users\kiekensk\AppData\Local\Temp\ccDZMvVq.ltrans3.ltrans.o
 .comment       0x0000007c       0x7d C:\Users\kiekensk\AppData\Local\Temp\ccDZMvVq.ltrans4.ltrans.o

.debug_line     0x00000000     0x3f20
 .debug_line    0x00000000       0xc5 build/obj/crt0_v7m.o
 .debug_line    0x000000c5       0x6f build/obj/vectors.o
 .debug_line    0x00000134       0x80 build/obj/chcoreasm_v7m.o
 .debug_line    0x000001b4     0x12cf C:\Users\kiekensk\AppData\Local\Temp\ccDZMvVq.ltrans0.ltrans.o
 .debug_line    0x00001483      0xc46 C:\Users\kiekensk\AppData\Local\Temp\ccDZMvVq.ltrans1.ltrans.o
 .debug_line    0x000020c9     0x1035 C:\Users\kiekensk\AppData\Local\Temp\ccDZMvVq.ltrans2.ltrans.o
 .debug_line    0x000030fe      0x9b1 C:\Users\kiekensk\AppData\Local\Temp\ccDZMvVq.ltrans3.ltrans.o
 .debug_line    0x00003aaf      0x471 C:\Users\kiekensk\AppData\Local\Temp\ccDZMvVq.ltrans4.ltrans.o

.debug_info     0x00000000    0x11533
 .debug_info    0x00000000       0x94 build/obj/crt0_v7m.o
 .debug_info    0x00000094       0x93 build/obj/vectors.o
 .debug_info    0x00000127       0x97 build/obj/chcoreasm_v7m.o
 .debug_info    0x000001be     0x53f3 C:\Users\kiekensk\AppData\Local\Temp\ccDZMvVq.ltrans0.ltrans.o
 .debug_info    0x000055b1     0x355e C:\Users\kiekensk\AppData\Local\Temp\ccDZMvVq.ltrans1.ltrans.o
 .debug_info    0x00008b0f     0x412e C:\Users\kiekensk\AppData\Local\Temp\ccDZMvVq.ltrans2.ltrans.o
 .debug_info    0x0000cc3d     0x32f5 C:\Users\kiekensk\AppData\Local\Temp\ccDZMvVq.ltrans3.ltrans.o
 .debug_info    0x0000ff32     0x1601 C:\Users\kiekensk\AppData\Local\Temp\ccDZMvVq.ltrans4.ltrans.o

.debug_abbrev   0x00000000     0x195b
 .debug_abbrev  0x00000000       0x14 build/obj/crt0_v7m.o
 .debug_abbrev  0x00000014       0x14 build/obj/vectors.o
 .debug_abbrev  0x00000028       0x14 build/obj/chcoreasm_v7m.o
 .debug_abbrev  0x0000003c      0x71b C:\Users\kiekensk\AppData\Local\Temp\ccDZMvVq.ltrans0.ltrans.o
 .debug_abbrev  0x00000757      0x5b8 C:\Users\kiekensk\AppData\Local\Temp\ccDZMvVq.ltrans1.ltrans.o
 .debug_abbrev  0x00000d0f      0x4cf C:\Users\kiekensk\AppData\Local\Temp\ccDZMvVq.ltrans2.ltrans.o
 .debug_abbrev  0x000011de      0x42a C:\Users\kiekensk\AppData\Local\Temp\ccDZMvVq.ltrans3.ltrans.o
 .debug_abbrev  0x00001608      0x353 C:\Users\kiekensk\AppData\Local\Temp\ccDZMvVq.ltrans4.ltrans.o

.debug_aranges  0x00000000      0x3c0
 .debug_aranges
                0x00000000       0x20 build/obj/crt0_v7m.o
 .debug_aranges
                0x00000020       0x20 build/obj/vectors.o
 .debug_aranges
                0x00000040       0x20 build/obj/chcoreasm_v7m.o
 .debug_aranges
                0x00000060      0x188 C:\Users\kiekensk\AppData\Local\Temp\ccDZMvVq.ltrans0.ltrans.o
 .debug_aranges
                0x000001e8       0x88 C:\Users\kiekensk\AppData\Local\Temp\ccDZMvVq.ltrans1.ltrans.o
 .debug_aranges
                0x00000270       0x28 C:\Users\kiekensk\AppData\Local\Temp\ccDZMvVq.ltrans2.ltrans.o
 .debug_aranges
                0x00000298       0xe8 C:\Users\kiekensk\AppData\Local\Temp\ccDZMvVq.ltrans3.ltrans.o
 .debug_aranges
                0x00000380       0x40 C:\Users\kiekensk\AppData\Local\Temp\ccDZMvVq.ltrans4.ltrans.o

.debug_loc      0x00000000     0x5874
 .debug_loc     0x00000000     0x24f2 C:\Users\kiekensk\AppData\Local\Temp\ccDZMvVq.ltrans0.ltrans.o
 .debug_loc     0x000024f2     0x1771 C:\Users\kiekensk\AppData\Local\Temp\ccDZMvVq.ltrans1.ltrans.o
 .debug_loc     0x00003c63      0xb7f C:\Users\kiekensk\AppData\Local\Temp\ccDZMvVq.ltrans2.ltrans.o
 .debug_loc     0x000047e2      0xda1 C:\Users\kiekensk\AppData\Local\Temp\ccDZMvVq.ltrans3.ltrans.o
 .debug_loc     0x00005583      0x2f1 C:\Users\kiekensk\AppData\Local\Temp\ccDZMvVq.ltrans4.ltrans.o

.debug_ranges   0x00000000     0x2118
 .debug_ranges  0x00000000      0x9b8 C:\Users\kiekensk\AppData\Local\Temp\ccDZMvVq.ltrans0.ltrans.o
 .debug_ranges  0x000009b8      0x5f8 C:\Users\kiekensk\AppData\Local\Temp\ccDZMvVq.ltrans1.ltrans.o
 .debug_ranges  0x00000fb0      0xf20 C:\Users\kiekensk\AppData\Local\Temp\ccDZMvVq.ltrans2.ltrans.o
 .debug_ranges  0x00001ed0      0x160 C:\Users\kiekensk\AppData\Local\Temp\ccDZMvVq.ltrans3.ltrans.o
 .debug_ranges  0x00002030       0xe8 C:\Users\kiekensk\AppData\Local\Temp\ccDZMvVq.ltrans4.ltrans.o

.debug_str      0x00000000     0x2be9
 .debug_str     0x00000000     0x173e C:\Users\kiekensk\AppData\Local\Temp\ccDZMvVq.ltrans0.ltrans.o
                               0x1878 (size before relaxing)
 .debug_str     0x0000173e      0x793 C:\Users\kiekensk\AppData\Local\Temp\ccDZMvVq.ltrans1.ltrans.o
                               0x15ae (size before relaxing)
 .debug_str     0x00001ed1      0x9d4 C:\Users\kiekensk\AppData\Local\Temp\ccDZMvVq.ltrans2.ltrans.o
                               0x19b8 (size before relaxing)
 .debug_str     0x000028a5      0x16c C:\Users\kiekensk\AppData\Local\Temp\ccDZMvVq.ltrans3.ltrans.o
                                0xe89 (size before relaxing)
 .debug_str     0x00002a11      0x1d8 C:\Users\kiekensk\AppData\Local\Temp\ccDZMvVq.ltrans4.ltrans.o
                                0xd52 (size before relaxing)

.debug_frame    0x00000000      0xb94
 .debug_frame   0x00000000      0x4e4 C:\Users\kiekensk\AppData\Local\Temp\ccDZMvVq.ltrans0.ltrans.o
 .debug_frame   0x000004e4      0x250 C:\Users\kiekensk\AppData\Local\Temp\ccDZMvVq.ltrans1.ltrans.o
 .debug_frame   0x00000734       0x44 C:\Users\kiekensk\AppData\Local\Temp\ccDZMvVq.ltrans2.ltrans.o
 .debug_frame   0x00000778      0x32c C:\Users\kiekensk\AppData\Local\Temp\ccDZMvVq.ltrans3.ltrans.o
 .debug_frame   0x00000aa4       0xc8 C:\Users\kiekensk\AppData\Local\Temp\ccDZMvVq.ltrans4.ltrans.o
 .debug_frame   0x00000b6c       0x28 c:/atollic/truestudio_for_stm32_9.0.0/armtools/bin/../lib/gcc/arm-atollic-eabi/6.3.1/../../../../arm-atollic-eabi/lib/armv7e-m\libc.a(lib_a-memcpy-stub.o)

Cross Reference Table

Symbol                                            File
ADCD1                                             C:\Users\kiekensk\AppData\Local\Temp\ccDZMvVq.ltrans2.ltrans.o
                                                  build/obj/hal_adc_lld.o (symbol from plugin)
                                                  C:\Users\kiekensk\AppData\Local\Temp\ccDZMvVq.ltrans3.ltrans.o
                                                  build/obj/main.o (symbol from plugin)
                                                  build/obj/adc_multi.o (symbol from plugin)
BusFault_Handler                                  build/obj/vectors.o
DACD1                                             build/obj/hal_dac_lld.o (symbol from plugin)
DACD2                                             build/obj/hal_dac_lld.o (symbol from plugin)
DebugMon_Handler                                  build/obj/vectors.o
GPTD4                                             C:\Users\kiekensk\AppData\Local\Temp\ccDZMvVq.ltrans2.ltrans.o
                                                  build/obj/hal_gpt_lld.o (symbol from plugin)
                                                  C:\Users\kiekensk\AppData\Local\Temp\ccDZMvVq.ltrans1.ltrans.o
                                                  build/obj/main.o (symbol from plugin)
GPTD6                                             C:\Users\kiekensk\AppData\Local\Temp\ccDZMvVq.ltrans2.ltrans.o
                                                  build/obj/hal_gpt_lld.o (symbol from plugin)
                                                  C:\Users\kiekensk\AppData\Local\Temp\ccDZMvVq.ltrans1.ltrans.o
HardFault_Handler                                 build/obj/vectors.o
MemManage_Handler                                 build/obj/vectors.o
NMI_Handler                                       build/obj/vectors.o
PendSV_Handler                                    build/obj/vectors.o
Reset_Handler                                     build/obj/vectors.o
SDU1                                              C:\Users\kiekensk\AppData\Local\Temp\ccDZMvVq.ltrans2.ltrans.o
                                                  build/obj/usbcfg.o (symbol from plugin)
                                                  C:\Users\kiekensk\AppData\Local\Temp\ccDZMvVq.ltrans1.ltrans.o
                                                  build/obj/main.o (symbol from plugin)
SVC_Handler                                       C:\Users\kiekensk\AppData\Local\Temp\ccDZMvVq.ltrans0.ltrans.o
                                                  build/obj/chcore_v7m.o (symbol from plugin)
                                                  build/obj/vectors.o
SWV_puts                                          build/obj/main.o (symbol from plugin)
SysTick_Handler                                   build/obj/vectors.o
SystemCoreClock                                   build/obj/hal_lld.o (symbol from plugin)
Temp_calc                                         build/obj/main.o (symbol from plugin)
USBD1                                             C:\Users\kiekensk\AppData\Local\Temp\ccDZMvVq.ltrans4.ltrans.o
                                                  build/obj/hal_usb_lld.o (symbol from plugin)
                                                  C:\Users\kiekensk\AppData\Local\Temp\ccDZMvVq.ltrans2.ltrans.o
                                                  C:\Users\kiekensk\AppData\Local\Temp\ccDZMvVq.ltrans1.ltrans.o
                                                  build/obj/usbcfg.o (symbol from plugin)
UsageFault_Handler                                build/obj/vectors.o
Vector100                                         build/obj/vectors.o
Vector104                                         build/obj/vectors.o
Vector108                                         build/obj/vectors.o
Vector10C                                         build/obj/vectors.o
Vector110                                         build/obj/vectors.o
Vector114                                         build/obj/vectors.o
Vector118                                         C:\Users\kiekensk\AppData\Local\Temp\ccDZMvVq.ltrans1.ltrans.o
                                                  build/obj/hal_gpt_lld.o (symbol from plugin)
                                                  build/obj/vectors.o
Vector11C                                         build/obj/vectors.o
Vector120                                         C:\Users\kiekensk\AppData\Local\Temp\ccDZMvVq.ltrans3.ltrans.o
                                                  build/obj/stm32_dma.o (symbol from plugin)
                                                  build/obj/vectors.o
Vector124                                         C:\Users\kiekensk\AppData\Local\Temp\ccDZMvVq.ltrans3.ltrans.o
                                                  build/obj/stm32_dma.o (symbol from plugin)
                                                  build/obj/vectors.o
Vector128                                         C:\Users\kiekensk\AppData\Local\Temp\ccDZMvVq.ltrans3.ltrans.o
                                                  build/obj/stm32_dma.o (symbol from plugin)
                                                  build/obj/vectors.o
Vector12C                                         C:\Users\kiekensk\AppData\Local\Temp\ccDZMvVq.ltrans3.ltrans.o
                                                  build/obj/stm32_dma.o (symbol from plugin)
                                                  build/obj/vectors.o
Vector130                                         C:\Users\kiekensk\AppData\Local\Temp\ccDZMvVq.ltrans3.ltrans.o
                                                  build/obj/stm32_dma.o (symbol from plugin)
                                                  build/obj/vectors.o
Vector134                                         build/obj/vectors.o
Vector138                                         build/obj/vectors.o
Vector13C                                         build/obj/vectors.o
Vector140                                         build/obj/vectors.o
Vector144                                         build/obj/vectors.o
Vector148                                         build/obj/vectors.o
Vector14C                                         C:\Users\kiekensk\AppData\Local\Temp\ccDZMvVq.ltrans1.ltrans.o
                                                  build/obj/hal_usb_lld.o (symbol from plugin)
                                                  build/obj/vectors.o
Vector150                                         C:\Users\kiekensk\AppData\Local\Temp\ccDZMvVq.ltrans3.ltrans.o
                                                  build/obj/stm32_dma.o (symbol from plugin)
                                                  build/obj/vectors.o
Vector154                                         C:\Users\kiekensk\AppData\Local\Temp\ccDZMvVq.ltrans1.ltrans.o
                                                  build/obj/stm32_dma.o (symbol from plugin)
                                                  build/obj/vectors.o
Vector158                                         C:\Users\kiekensk\AppData\Local\Temp\ccDZMvVq.ltrans1.ltrans.o
                                                  build/obj/stm32_dma.o (symbol from plugin)
                                                  build/obj/vectors.o
Vector15C                                         build/obj/vectors.o
Vector160                                         build/obj/vectors.o
Vector164                                         build/obj/vectors.o
Vector168                                         build/obj/vectors.o
Vector16C                                         build/obj/vectors.o
Vector170                                         build/obj/vectors.o
Vector174                                         build/obj/vectors.o
Vector178                                         build/obj/vectors.o
Vector17C                                         build/obj/vectors.o
Vector180                                         build/obj/vectors.o
Vector184                                         build/obj/vectors.o
Vector188                                         build/obj/vectors.o
Vector18C                                         build/obj/vectors.o
Vector190                                         build/obj/vectors.o
Vector194                                         build/obj/vectors.o
Vector198                                         build/obj/vectors.o
Vector19C                                         build/obj/vectors.o
Vector1A0                                         build/obj/vectors.o
Vector1A4                                         build/obj/vectors.o
Vector1A8                                         build/obj/vectors.o
Vector1AC                                         build/obj/vectors.o
Vector1B0                                         build/obj/vectors.o
Vector1B4                                         build/obj/vectors.o
Vector1B8                                         build/obj/vectors.o
Vector1BC                                         build/obj/vectors.o
Vector1C                                          build/obj/vectors.o
Vector1C0                                         build/obj/vectors.o
Vector1C4                                         build/obj/vectors.o
Vector1C8                                         build/obj/vectors.o
Vector1CC                                         build/obj/vectors.o
Vector1D0                                         build/obj/vectors.o
Vector1D4                                         build/obj/vectors.o
Vector1D8                                         build/obj/vectors.o
Vector1DC                                         build/obj/vectors.o
Vector1E0                                         build/obj/vectors.o
Vector1E4                                         build/obj/vectors.o
Vector1E8                                         build/obj/vectors.o
Vector1EC                                         build/obj/vectors.o
Vector1F0                                         build/obj/vectors.o
Vector1F4                                         build/obj/vectors.o
Vector1F8                                         build/obj/vectors.o
Vector1FC                                         build/obj/vectors.o
Vector20                                          build/obj/vectors.o
Vector24                                          build/obj/vectors.o
Vector28                                          build/obj/vectors.o
Vector34                                          build/obj/vectors.o
Vector40                                          build/obj/vectors.o
Vector44                                          build/obj/vectors.o
Vector48                                          build/obj/vectors.o
Vector4C                                          build/obj/vectors.o
Vector50                                          build/obj/vectors.o
Vector54                                          build/obj/vectors.o
Vector58                                          C:\Users\kiekensk\AppData\Local\Temp\ccDZMvVq.ltrans3.ltrans.o
                                                  build/obj/stm32_isr.o (symbol from plugin)
                                                  build/obj/vectors.o
Vector5C                                          C:\Users\kiekensk\AppData\Local\Temp\ccDZMvVq.ltrans3.ltrans.o
                                                  build/obj/stm32_isr.o (symbol from plugin)
                                                  build/obj/vectors.o
Vector60                                          C:\Users\kiekensk\AppData\Local\Temp\ccDZMvVq.ltrans3.ltrans.o
                                                  build/obj/stm32_isr.o (symbol from plugin)
                                                  build/obj/vectors.o
Vector64                                          C:\Users\kiekensk\AppData\Local\Temp\ccDZMvVq.ltrans3.ltrans.o
                                                  build/obj/stm32_isr.o (symbol from plugin)
                                                  build/obj/vectors.o
Vector68                                          C:\Users\kiekensk\AppData\Local\Temp\ccDZMvVq.ltrans3.ltrans.o
                                                  build/obj/stm32_isr.o (symbol from plugin)
                                                  build/obj/vectors.o
Vector6C                                          C:\Users\kiekensk\AppData\Local\Temp\ccDZMvVq.ltrans3.ltrans.o
                                                  build/obj/stm32_dma.o (symbol from plugin)
                                                  build/obj/vectors.o
Vector70                                          C:\Users\kiekensk\AppData\Local\Temp\ccDZMvVq.ltrans3.ltrans.o
                                                  build/obj/stm32_dma.o (symbol from plugin)
                                                  build/obj/vectors.o
Vector74                                          C:\Users\kiekensk\AppData\Local\Temp\ccDZMvVq.ltrans3.ltrans.o
                                                  build/obj/stm32_dma.o (symbol from plugin)
                                                  build/obj/vectors.o
Vector78                                          C:\Users\kiekensk\AppData\Local\Temp\ccDZMvVq.ltrans3.ltrans.o
                                                  build/obj/stm32_dma.o (symbol from plugin)
                                                  build/obj/vectors.o
Vector7C                                          C:\Users\kiekensk\AppData\Local\Temp\ccDZMvVq.ltrans3.ltrans.o
                                                  build/obj/stm32_dma.o (symbol from plugin)
                                                  build/obj/vectors.o
Vector80                                          C:\Users\kiekensk\AppData\Local\Temp\ccDZMvVq.ltrans3.ltrans.o
                                                  build/obj/stm32_dma.o (symbol from plugin)
                                                  build/obj/vectors.o
Vector84                                          C:\Users\kiekensk\AppData\Local\Temp\ccDZMvVq.ltrans3.ltrans.o
                                                  build/obj/stm32_dma.o (symbol from plugin)
                                                  build/obj/vectors.o
Vector88                                          C:\Users\kiekensk\AppData\Local\Temp\ccDZMvVq.ltrans3.ltrans.o
                                                  build/obj/hal_adc_lld.o (symbol from plugin)
                                                  build/obj/vectors.o
Vector8C                                          build/obj/vectors.o
Vector90                                          build/obj/vectors.o
Vector94                                          build/obj/vectors.o
Vector98                                          build/obj/vectors.o
Vector9C                                          C:\Users\kiekensk\AppData\Local\Temp\ccDZMvVq.ltrans3.ltrans.o
                                                  build/obj/stm32_isr.o (symbol from plugin)
                                                  build/obj/vectors.o
VectorA0                                          build/obj/vectors.o
VectorA4                                          build/obj/vectors.o
VectorA8                                          build/obj/vectors.o
VectorAC                                          build/obj/vectors.o
VectorB0                                          C:\Users\kiekensk\AppData\Local\Temp\ccDZMvVq.ltrans1.ltrans.o
                                                  build/obj/hal_st_lld.o (symbol from plugin)
                                                  build/obj/vectors.o
VectorB4                                          build/obj/vectors.o
VectorB8                                          C:\Users\kiekensk\AppData\Local\Temp\ccDZMvVq.ltrans1.ltrans.o
                                                  build/obj/hal_gpt_lld.o (symbol from plugin)
                                                  build/obj/vectors.o
VectorBC                                          build/obj/vectors.o
VectorC0                                          build/obj/vectors.o
VectorC4                                          build/obj/vectors.o
VectorC8                                          build/obj/vectors.o
VectorCC                                          build/obj/vectors.o
VectorD0                                          build/obj/vectors.o
VectorD4                                          build/obj/vectors.o
VectorD8                                          build/obj/vectors.o
VectorDC                                          build/obj/vectors.o
VectorE0                                          C:\Users\kiekensk\AppData\Local\Temp\ccDZMvVq.ltrans3.ltrans.o
                                                  build/obj/stm32_isr.o (symbol from plugin)
                                                  build/obj/vectors.o
VectorE4                                          build/obj/vectors.o
VectorE8                                          build/obj/vectors.o
VectorEC                                          build/obj/vectors.o
VectorF0                                          build/obj/vectors.o
VectorF4                                          build/obj/vectors.o
VectorF8                                          build/obj/vectors.o
VectorFC                                          C:\Users\kiekensk\AppData\Local\Temp\ccDZMvVq.ltrans3.ltrans.o
                                                  build/obj/stm32_dma.o (symbol from plugin)
                                                  build/obj/vectors.o
__core_init                                       C:\Users\kiekensk\AppData\Local\Temp\ccDZMvVq.ltrans0.ltrans.o
                                                  build/obj/crt1.o (symbol from plugin)
                                                  build/obj/crt0_v7m.o
__default_exit                                    C:\Users\kiekensk\AppData\Local\Temp\ccDZMvVq.ltrans0.ltrans.o
                                                  build/obj/crt1.o (symbol from plugin)
                                                  build/obj/crt0_v7m.o
__early_init                                      C:\Users\kiekensk\AppData\Local\Temp\ccDZMvVq.ltrans1.ltrans.o
                                                  build/obj/board.o (symbol from plugin)
                                                  build/obj/crt1.o (symbol from plugin)
                                                  build/obj/crt0_v7m.o
__fini_array_end                                  build/obj/crt0_v7m.o
__fini_array_start                                build/obj/crt0_v7m.o
__heap_base__                                     C:\Users\kiekensk\AppData\Local\Temp\ccDZMvVq.ltrans2.ltrans.o
                                                  build/obj/chmemcore.o (symbol from plugin)
__heap_end__                                      C:\Users\kiekensk\AppData\Local\Temp\ccDZMvVq.ltrans2.ltrans.o
                                                  build/obj/chmemcore.o (symbol from plugin)
__init_array_end                                  build/obj/crt0_v7m.o
__init_array_start                                build/obj/crt0_v7m.o
__init_ram_areas                                  C:\Users\kiekensk\AppData\Local\Temp\ccDZMvVq.ltrans0.ltrans.o
                                                  build/obj/crt1.o (symbol from plugin)
                                                  build/obj/crt0_v7m.o
__late_init                                       C:\Users\kiekensk\AppData\Local\Temp\ccDZMvVq.ltrans0.ltrans.o
                                                  build/obj/crt1.o (symbol from plugin)
                                                  build/obj/crt0_v7m.o
__main_stack_base__                               build/obj/crt0_v7m.o
__main_stack_end__                                build/obj/vectors.o
                                                  build/obj/crt0_v7m.o
__process_stack_base__                            build/obj/crt0_v7m.o
__process_stack_end__                             build/obj/crt0_v7m.o
__ram0_clear__                                    C:\Users\kiekensk\AppData\Local\Temp\ccDZMvVq.ltrans0.ltrans.o
                                                  build/obj/crt1.o (symbol from plugin)
__ram0_init__                                     C:\Users\kiekensk\AppData\Local\Temp\ccDZMvVq.ltrans0.ltrans.o
                                                  build/obj/crt1.o (symbol from plugin)
__ram0_init_text__                                C:\Users\kiekensk\AppData\Local\Temp\ccDZMvVq.ltrans0.ltrans.o
                                                  build/obj/crt1.o (symbol from plugin)
__ram0_noinit__                                   C:\Users\kiekensk\AppData\Local\Temp\ccDZMvVq.ltrans0.ltrans.o
                                                  build/obj/crt1.o (symbol from plugin)
__ram1_clear__                                    C:\Users\kiekensk\AppData\Local\Temp\ccDZMvVq.ltrans0.ltrans.o
                                                  build/obj/crt1.o (symbol from plugin)
__ram1_init__                                     C:\Users\kiekensk\AppData\Local\Temp\ccDZMvVq.ltrans0.ltrans.o
                                                  build/obj/crt1.o (symbol from plugin)
__ram1_init_text__                                C:\Users\kiekensk\AppData\Local\Temp\ccDZMvVq.ltrans0.ltrans.o
                                                  build/obj/crt1.o (symbol from plugin)
__ram1_noinit__                                   C:\Users\kiekensk\AppData\Local\Temp\ccDZMvVq.ltrans0.ltrans.o
                                                  build/obj/crt1.o (symbol from plugin)
__ram2_clear__                                    C:\Users\kiekensk\AppData\Local\Temp\ccDZMvVq.ltrans0.ltrans.o
                                                  build/obj/crt1.o (symbol from plugin)
__ram2_init__                                     C:\Users\kiekensk\AppData\Local\Temp\ccDZMvVq.ltrans0.ltrans.o
                                                  build/obj/crt1.o (symbol from plugin)
__ram2_init_text__                                C:\Users\kiekensk\AppData\Local\Temp\ccDZMvVq.ltrans0.ltrans.o
                                                  build/obj/crt1.o (symbol from plugin)
__ram2_noinit__                                   C:\Users\kiekensk\AppData\Local\Temp\ccDZMvVq.ltrans0.ltrans.o
                                                  build/obj/crt1.o (symbol from plugin)
__ram3_clear__                                    C:\Users\kiekensk\AppData\Local\Temp\ccDZMvVq.ltrans0.ltrans.o
                                                  build/obj/crt1.o (symbol from plugin)
__ram3_init__                                     C:\Users\kiekensk\AppData\Local\Temp\ccDZMvVq.ltrans0.ltrans.o
                                                  build/obj/crt1.o (symbol from plugin)
__ram3_init_text__                                C:\Users\kiekensk\AppData\Local\Temp\ccDZMvVq.ltrans0.ltrans.o
                                                  build/obj/crt1.o (symbol from plugin)
__ram3_noinit__                                   C:\Users\kiekensk\AppData\Local\Temp\ccDZMvVq.ltrans0.ltrans.o
                                                  build/obj/crt1.o (symbol from plugin)
__ram4_clear__                                    C:\Users\kiekensk\AppData\Local\Temp\ccDZMvVq.ltrans0.ltrans.o
                                                  build/obj/crt1.o (symbol from plugin)
__ram4_init__                                     C:\Users\kiekensk\AppData\Local\Temp\ccDZMvVq.ltrans0.ltrans.o
                                                  build/obj/crt1.o (symbol from plugin)
__ram4_init_text__                                C:\Users\kiekensk\AppData\Local\Temp\ccDZMvVq.ltrans0.ltrans.o
                                                  build/obj/crt1.o (symbol from plugin)
__ram4_noinit__                                   C:\Users\kiekensk\AppData\Local\Temp\ccDZMvVq.ltrans0.ltrans.o
                                                  build/obj/crt1.o (symbol from plugin)
__ram5_clear__                                    C:\Users\kiekensk\AppData\Local\Temp\ccDZMvVq.ltrans0.ltrans.o
                                                  build/obj/crt1.o (symbol from plugin)
__ram5_init__                                     C:\Users\kiekensk\AppData\Local\Temp\ccDZMvVq.ltrans0.ltrans.o
                                                  build/obj/crt1.o (symbol from plugin)
__ram5_init_text__                                C:\Users\kiekensk\AppData\Local\Temp\ccDZMvVq.ltrans0.ltrans.o
                                                  build/obj/crt1.o (symbol from plugin)
__ram5_noinit__                                   C:\Users\kiekensk\AppData\Local\Temp\ccDZMvVq.ltrans0.ltrans.o
                                                  build/obj/crt1.o (symbol from plugin)
__ram6_clear__                                    C:\Users\kiekensk\AppData\Local\Temp\ccDZMvVq.ltrans0.ltrans.o
                                                  build/obj/crt1.o (symbol from plugin)
__ram6_init__                                     C:\Users\kiekensk\AppData\Local\Temp\ccDZMvVq.ltrans0.ltrans.o
                                                  build/obj/crt1.o (symbol from plugin)
__ram6_init_text__                                C:\Users\kiekensk\AppData\Local\Temp\ccDZMvVq.ltrans0.ltrans.o
                                                  build/obj/crt1.o (symbol from plugin)
__ram6_noinit__                                   C:\Users\kiekensk\AppData\Local\Temp\ccDZMvVq.ltrans0.ltrans.o
                                                  build/obj/crt1.o (symbol from plugin)
__ram7_clear__                                    C:\Users\kiekensk\AppData\Local\Temp\ccDZMvVq.ltrans0.ltrans.o
                                                  build/obj/crt1.o (symbol from plugin)
__ram7_init__                                     C:\Users\kiekensk\AppData\Local\Temp\ccDZMvVq.ltrans0.ltrans.o
                                                  build/obj/crt1.o (symbol from plugin)
__ram7_init_text__                                C:\Users\kiekensk\AppData\Local\Temp\ccDZMvVq.ltrans0.ltrans.o
                                                  build/obj/crt1.o (symbol from plugin)
__ram7_noinit__                                   C:\Users\kiekensk\AppData\Local\Temp\ccDZMvVq.ltrans0.ltrans.o
                                                  build/obj/crt1.o (symbol from plugin)
_bss_end                                          build/obj/crt0_v7m.o
_bss_start                                        build/obj/crt0_v7m.o
_core_init                                        build/obj/chmemcore.o (symbol from plugin)
                                                  build/obj/chsys.o (symbol from plugin)
_crt0_entry                                       build/obj/crt0_v7m.o
                                                  build/obj/vectors.o
_ctl.lto_priv.66                                  C:\Users\kiekensk\AppData\Local\Temp\ccDZMvVq.ltrans0.ltrans.o
                                                  C:\Users\kiekensk\AppData\Local\Temp\ccDZMvVq.ltrans2.ltrans.o
_data_end                                         build/obj/crt0_v7m.o
_data_start                                       build/obj/crt0_v7m.o
_factory_init                                     build/obj/chfactory.o (symbol from plugin)
                                                  build/obj/chsys.o (symbol from plugin)
_get.lto_priv.61                                  C:\Users\kiekensk\AppData\Local\Temp\ccDZMvVq.ltrans0.ltrans.o
                                                  C:\Users\kiekensk\AppData\Local\Temp\ccDZMvVq.ltrans2.ltrans.o
_gett.lto_priv.63                                 C:\Users\kiekensk\AppData\Local\Temp\ccDZMvVq.ltrans0.ltrans.o
                                                  C:\Users\kiekensk\AppData\Local\Temp\ccDZMvVq.ltrans2.ltrans.o
_heap_init                                        build/obj/chheap.o (symbol from plugin)
                                                  build/obj/chsys.o (symbol from plugin)
_idle_thread.lto_priv.67                          C:\Users\kiekensk\AppData\Local\Temp\ccDZMvVq.ltrans0.ltrans.o
                                                  C:\Users\kiekensk\AppData\Local\Temp\ccDZMvVq.ltrans2.ltrans.o
_pal_events                                       C:\Users\kiekensk\AppData\Local\Temp\ccDZMvVq.ltrans2.ltrans.o
                                                  build/obj/hal_pal_lld.o (symbol from plugin)
                                                  C:\Users\kiekensk\AppData\Local\Temp\ccDZMvVq.ltrans3.ltrans.o
                                                  build/obj/stm32_isr.o (symbol from plugin)
                                                  build/obj/hal_pal.o (symbol from plugin)
_pal_lld_disablepadevent                          build/obj/hal_pal_lld.o (symbol from plugin)
_pal_lld_enablepadevent                           build/obj/hal_pal_lld.o (symbol from plugin)
_pal_lld_init                                     build/obj/hal_pal_lld.o (symbol from plugin)
                                                  build/obj/hal.o (symbol from plugin)
_pal_lld_setgroupmode                             build/obj/hal_pal_lld.o (symbol from plugin)
                                                  build/obj/hal_pal.o (symbol from plugin)
_port_exit_from_isr                               build/obj/chcoreasm_v7m.o
                                                  C:\Users\kiekensk\AppData\Local\Temp\ccDZMvVq.ltrans0.ltrans.o
                                                  build/obj/chcore_v7m.o (symbol from plugin)
_port_irq_epilogue                                C:\Users\kiekensk\AppData\Local\Temp\ccDZMvVq.ltrans0.ltrans.o
                                                  build/obj/chcore_v7m.o (symbol from plugin)
                                                  C:\Users\kiekensk\AppData\Local\Temp\ccDZMvVq.ltrans3.ltrans.o
                                                  C:\Users\kiekensk\AppData\Local\Temp\ccDZMvVq.ltrans1.ltrans.o
                                                  build/obj/hal_gpt_lld.o (symbol from plugin)
                                                  build/obj/hal_st_lld.o (symbol from plugin)
                                                  build/obj/hal_usb_lld.o (symbol from plugin)
                                                  build/obj/stm32_dma.o (symbol from plugin)
                                                  build/obj/hal_adc_lld.o (symbol from plugin)
                                                  build/obj/stm32_isr.o (symbol from plugin)
_port_switch                                      build/obj/chcoreasm_v7m.o
                                                  C:\Users\kiekensk\AppData\Local\Temp\ccDZMvVq.ltrans4.ltrans.o
                                                  C:\Users\kiekensk\AppData\Local\Temp\ccDZMvVq.ltrans0.ltrans.o
                                                  build/obj/chschd.o (symbol from plugin)
_port_switch_from_isr                             build/obj/chcoreasm_v7m.o
                                                  C:\Users\kiekensk\AppData\Local\Temp\ccDZMvVq.ltrans0.ltrans.o
                                                  build/obj/chcore_v7m.o (symbol from plugin)
_port_thread_start                                build/obj/chcoreasm_v7m.o
                                                  C:\Users\kiekensk\AppData\Local\Temp\ccDZMvVq.ltrans2.ltrans.o
                                                  build/obj/chthreads.o (symbol from plugin)
_put.lto_priv.60                                  C:\Users\kiekensk\AppData\Local\Temp\ccDZMvVq.ltrans0.ltrans.o
                                                  C:\Users\kiekensk\AppData\Local\Temp\ccDZMvVq.ltrans2.ltrans.o
_putt.lto_priv.62                                 C:\Users\kiekensk\AppData\Local\Temp\ccDZMvVq.ltrans0.ltrans.o
                                                  C:\Users\kiekensk\AppData\Local\Temp\ccDZMvVq.ltrans2.ltrans.o
_read.lto_priv.59                                 C:\Users\kiekensk\AppData\Local\Temp\ccDZMvVq.ltrans0.ltrans.o
                                                  C:\Users\kiekensk\AppData\Local\Temp\ccDZMvVq.ltrans2.ltrans.o
_readt.lto_priv.65                                C:\Users\kiekensk\AppData\Local\Temp\ccDZMvVq.ltrans0.ltrans.o
                                                  C:\Users\kiekensk\AppData\Local\Temp\ccDZMvVq.ltrans2.ltrans.o
_scheduler_init                                   build/obj/chschd.o (symbol from plugin)
                                                  build/obj/chsys.o (symbol from plugin)
_stm32_dma_streams                                build/obj/stm32_dma.o (symbol from plugin)
                                                  build/obj/hal_dac_lld.o (symbol from plugin)
                                                  build/obj/hal_adc_lld.o (symbol from plugin)
_test_assert                                      build/obj/ch_test.o (symbol from plugin)
                                                  build/obj/oslib_test_sequence_004.o (symbol from plugin)
                                                  build/obj/oslib_test_sequence_003.o (symbol from plugin)
                                                  build/obj/oslib_test_sequence_002.o (symbol from plugin)
                                                  build/obj/oslib_test_sequence_001.o (symbol from plugin)
                                                  build/obj/rt_test_sequence_009.o (symbol from plugin)
                                                  build/obj/rt_test_sequence_008.o (symbol from plugin)
                                                  build/obj/rt_test_sequence_006.o (symbol from plugin)
                                                  build/obj/rt_test_sequence_005.o (symbol from plugin)
                                                  build/obj/rt_test_sequence_004.o (symbol from plugin)
                                                  build/obj/rt_test_sequence_003.o (symbol from plugin)
                                                  build/obj/rt_test_sequence_002.o (symbol from plugin)
_test_assert_sequence                             build/obj/ch_test.o (symbol from plugin)
                                                  build/obj/oslib_test_sequence_001.o (symbol from plugin)
                                                  build/obj/rt_test_sequence_009.o (symbol from plugin)
                                                  build/obj/rt_test_sequence_008.o (symbol from plugin)
                                                  build/obj/rt_test_sequence_007.o (symbol from plugin)
                                                  build/obj/rt_test_sequence_006.o (symbol from plugin)
                                                  build/obj/rt_test_sequence_005.o (symbol from plugin)
                                                  build/obj/rt_test_sequence_003.o (symbol from plugin)
_test_assert_time_window                          build/obj/ch_test.o (symbol from plugin)
                                                  build/obj/rt_test_sequence_008.o (symbol from plugin)
                                                  build/obj/rt_test_sequence_005.o (symbol from plugin)
                                                  build/obj/rt_test_sequence_004.o (symbol from plugin)
                                                  build/obj/rt_test_sequence_003.o (symbol from plugin)
_test_fail                                        build/obj/ch_test.o (symbol from plugin)
_textdata_start                                   build/obj/crt0_v7m.o
_thread_init                                      build/obj/chthreads.o (symbol from plugin)
                                                  build/obj/chsys.o (symbol from plugin)
_tm_init                                          build/obj/chtm.o (symbol from plugin)
                                                  build/obj/chsys.o (symbol from plugin)
_unhandled_exception                              build/obj/vectors.o
_usb_ep0in                                        C:\Users\kiekensk\AppData\Local\Temp\ccDZMvVq.ltrans3.ltrans.o
                                                  build/obj/hal_usb.o (symbol from plugin)
                                                  C:\Users\kiekensk\AppData\Local\Temp\ccDZMvVq.ltrans1.ltrans.o
                                                  build/obj/hal_usb_lld.o (symbol from plugin)
_usb_ep0out                                       C:\Users\kiekensk\AppData\Local\Temp\ccDZMvVq.ltrans3.ltrans.o
                                                  build/obj/hal_usb.o (symbol from plugin)
                                                  C:\Users\kiekensk\AppData\Local\Temp\ccDZMvVq.ltrans1.ltrans.o
                                                  build/obj/hal_usb_lld.o (symbol from plugin)
_usb_ep0setup                                     C:\Users\kiekensk\AppData\Local\Temp\ccDZMvVq.ltrans0.ltrans.o
                                                  build/obj/hal_usb.o (symbol from plugin)
                                                  C:\Users\kiekensk\AppData\Local\Temp\ccDZMvVq.ltrans1.ltrans.o
                                                  build/obj/hal_usb_lld.o (symbol from plugin)
_usb_reset                                        build/obj/hal_usb.o (symbol from plugin)
                                                  build/obj/hal_usb_lld.o (symbol from plugin)
_usb_suspend                                      build/obj/hal_usb.o (symbol from plugin)
                                                  build/obj/hal_usb_lld.o (symbol from plugin)